# Every article considered, and why it was refused.
ATS D1	REFUSED	article has no lead image, and no image in its body names the car
Andrea Moda S921	REFUSED	File:Andrea Moda S921.jpg is hosted 'local', not on Commons (body image)
Aston Martin DBR5	REFUSED	article has no lead image, and no image in its body names the car
BRM P115	REFUSED	article has no lead image, and no image in its body names the car
BRM P61	REFUSED	article has no lead image, and no image in its body names the car
Benetton B187	REFUSED	article has no lead image, and no image in its body names the car
Brabham BT34	REFUSED	File:1971 Race of Champions G Hill Brabham BT34.jpg requires attribution and names no author
Brabham BT59	REFUSED	article has no lead image, and no image in its body names the car
Cooper T58	REFUSED	article has no lead image, and no image in its body names the car
Cooper T77	REFUSED	File:1965-08-01 Rindt, Jochen - Cooper Climax.jpg requires attribution and names no author
Dallara 3087	REFUSED	article has no lead image, and no image in its body names the car
Dallara F188	REFUSED	article has no lead image, and no image in its body names the car
Dallara F190	REFUSED	article has no lead image, and no image in its body names the car
Ferrari 156/85	REFUSED	File:Alboreto 1985-08-02.jpg requires attribution and names no author
Fittipaldi F6	REFUSED	article has no lead image, and no image in its body names the car
Fondmetal GR02	REFUSED	article has no lead image, and no image in its body names the car
Forti FG03	REFUSED	article has no lead image, and no image in its body names the car
HWM 51	REFUSED	article has no lead image, and no image in its body names the car
Jordan EJ15	REFUSED	File:Karthikeyan (Jordan) locking brakes in qualifying at USGP 2005.jpg requires attribution and names no author
Larrousse LH95	REFUSED	article has no lead image, and no image in its body names the car
Ligier JS7	REFUSED	article has no lead image, and no image in its body names the car
Lola LC91	REFUSED	article has no lead image, and no image in its body names the car
Manor MRT05	REFUSED	File:Pascal Wehrlein 2016 Malaysia FP2 1.jpg states no licence
March 871	REFUSED	article has no lead image, and no image in its body names the car
March 881	REFUSED	article has no lead image, and no image in its body names the car
McLaren M4B	REFUSED	article has no lead image, and no image in its body names the car
Minardi M186	REFUSED	article has no lead image, and no image in its body names the car
Minardi M187	REFUSED	article has no lead image, and no image in its body names the car
Minardi M188	REFUSED	article has no lead image, and no image in its body names the car
Minardi M190	REFUSED	article has no lead image, and no image in its body names the car
Minardi M192	REFUSED	article has no lead image, and no image in its body names the car
Minardi PS04	REFUSED	article has no lead image, and no image in its body names the car
Minardi PS05	REFUSED	File:Minardi PS05 British GP 2005.jpg requires attribution and names no author
RAM 02	REFUSED	article has no lead image, and no image in its body names the car
Red Bull RB1	REFUSED	File:Coulthard RedBull Canada2005.jpg requires attribution and names no author
Red Bull RB2	REFUSED	File:Red Bull Racing F1 2006 EMS.jpg requires attribution and names no author
Rial ARC1	REFUSED	article has no lead image, and no image in its body names the car
Rial ARC2	REFUSED	article has no lead image, and no image in its body names the car
Shadow DN12	REFUSED	article has no lead image, and no image in its body names the car
Tyrrell DG016	REFUSED	article has no lead image, and no image in its body names the car
Zakspeed 881	REFUSED	article has no lead image, and no image in its body names the car
AGS JH22	ACCEPTED	File:Manoir de l'Automobile - 198 - AGS F1 JH 22 1986-1987.jpg	CC BY-SA 4.0	lead image
AGS JH23	ACCEPTED	File:Rétromobile 2017 - AGS JH23 - 1989 - 001.jpg	CC BY-SA 4.0	lead image
AGS JH24	ACCEPTED	File:AGS JH24 at the 2025 Italian Grand Prix.jpg	CC BY 4.0	lead image
AGS JH25B	ACCEPTED	File:Rétromobile 2024 (30) 20240204.jpg	CC BY 4.0	lead image
ATS D2	ACCEPTED	File:ATS D2.jpg	CC BY-SA 2.0	lead image
ATS D5	ACCEPTED	File:Grand Prix van NL op circuit van Zandvoort nr. 10 , 11 officials en politie la, Bestanddeelnr 253-8581.jpg	CC0	lead image
ATS D6	ACCEPTED	File:ATS D6 1.jpg	CC BY 3.0	lead image
ATS D7	ACCEPTED	File:Winkelhock ATS D7 1984 Dallas F1.jpg	CC BY-SA 2.0	lead image
ATS HS1	ACCEPTED	File:Michael Bleekemolen test ATS-wagen voor Grand Prix op Zandvoort Bleekemolen in , Bestanddeelnr 929-8578.jpg	CC0	lead image
Alfa Romeo 158/159 Alfetta	ACCEPTED	File:Alfa-Romeo-159-(1951).jpg	CC BY-SA 2.5	lead image
Alfa Romeo 177	ACCEPTED	File:Alfa Romeo 177 in Museo Storico Alfa Romeo.jpg	CC BY-SA 2.0	lead image
Alfa Romeo 179	ACCEPTED	File:Alfa Romeo 179D (8372467256).jpg	CC BY 2.0	lead image
Alfa Romeo 182	ACCEPTED	File:1982 F1 Alfa Romeo 182 B.JPG	CC0	lead image
Alfa Romeo 183T	ACCEPTED	File:Alfa Romeo 183T Goodwood Festival of Speed 2012 (37256969).jpg	CC BY-SA 2.0	lead image
Alfa Romeo 184T	ACCEPTED	File:Cheever Alfa Romeo 184T 1984 Dallas F1.jpg	CC BY-SA 2.0	lead image
Alfa Romeo 185T	ACCEPTED	File:Alfa Romeo 185T Museo Nazionale dell'Automobile di Torino.jpg	CC BY-SA 2.0	lead image
Alfa Romeo C42	ACCEPTED	File:FIA F1 Austria 2022 Nr. 77 Bottas.jpg	CC BY-SA 4.0	lead image
Alfa Romeo C43	ACCEPTED	File:FIA F1 Austria 2023 Nr. 24 (2).jpg	CC BY-SA 4.0	lead image
Alfa Romeo Racing C38	ACCEPTED	File:FIA F1 Austria 2019 Nr. 7 Räikkönen 1.jpg	CC BY-SA 4.0	lead image
Alfa Romeo Racing C39	ACCEPTED	File:2020 Formula One tests Barcelona, Alfa Romeo C39, Räikkönen.jpg	CC BY-SA 2.0	lead image
Alfa Romeo Racing C41	ACCEPTED	File:FIA F1 Austria 2021 Nr. 7 Räikkönen (side).jpg	CC BY-SA 4.0	lead image
AlphaTauri AT01	ACCEPTED	File:Pierre Gasly-Alpha Tauri AT01 (2) (cropped).jpg	CC BY 3.0	lead image
AlphaTauri AT02	ACCEPTED	File:FIA F1 Austria 2021 Nr. 10 Gasly (side).jpg	CC BY-SA 4.0	lead image
AlphaTauri AT03	ACCEPTED	File:FIA F1 Austria 2022 Nr. 10 Gasly.jpg	CC BY-SA 4.0	lead image
AlphaTauri AT04	ACCEPTED	File:FIA F1 Austria 2023 Nr. 21 (2).jpg	CC BY-SA 4.0	lead image
Alpine A521	ACCEPTED	File:Fernando Alonso, F1 British Grand Prix 2021.jpg	CC BY 4.0	lead image
Alpine A522	ACCEPTED	File:2022 British Grand Prix (52382586268).jpg	CC BY 2.0	lead image
Alpine A523	ACCEPTED	File:FIA F1 Austria 2023 Nr. 10 (2) (cropped).jpg	CC BY-SA 4.0	lead image
Alpine A526	ACCEPTED	File:FIA F1 Austria 2026 Nr. 10 Gasly (3).jpg	CC BY-SA 4.0	lead image
Arrows A1	ACCEPTED	File:Arrows A1 at Silverstone Classic 2009.jpg	CC BY 2.0	lead image
Arrows A10	ACCEPTED	File:Arrows A10 at the 2016 Goodwood Festival of Speed.jpg	CC BY-SA 2.0	lead image
Arrows A11	ACCEPTED	File:Motor-Sport-Museum am Hockenheimring, 1991 Footwork Porsche A11C, pic1.jpg	CC0	lead image
Arrows A18	ACCEPTED	File:Damon Hill 1997 Arrows Yamaha Hungary.jpg	CC BY-SA 3.0	lead image
Arrows A19	ACCEPTED	File:Mika Salo Arrows A19 Sinsheim Baden-Württemberg.jpg	CC BY-SA 2.0	lead image
Arrows A2	ACCEPTED	File:Arrows A2 Nürburgring Motorsport Museum.jpg	CC BY 3.0	lead image
Arrows A20	ACCEPTED	File:Arrows A20 Historacing Festival Lédenon 2012.jpg	CC BY-SA 2.0	lead image
Arrows A21	ACCEPTED	File:Jos Verstappen 2000 Monza (cropped).jpg	CC BY-SA 2.0	lead image
Arrows A22	ACCEPTED	File:Jos Verstappen Orange Arrows Asiatech A22 (8969760804).jpg	CC BY-SA 2.0	lead image
Arrows A23	ACCEPTED	File:Heinz-Harald Frentzen 2002 French Gran Prix.jpg	CC BY 2.5	lead image
Arrows A3	ACCEPTED	File:Arrows A3 Mallory Park.JPG	CC BY-SA 3.0	lead image
Arrows A4	ACCEPTED	File:Arrows A4 2018 (41789577514).jpg	CC BY 2.0	lead image
Arrows A5	ACCEPTED	File:Arrows A5 Mallory Park.JPG	CC BY-SA 3.0	lead image
Arrows A6	ACCEPTED	File:Arrows A6 2008 Silverstone Classic.jpg	CC BY-SA 2.0	lead image
Arrows A7	ACCEPTED	File:Arrows A7 1984.jpg	CC BY-SA 2.0	lead image
Arrows A8	ACCEPTED	File:1985 European GP Boutsen.jpg	CC BY-SA 2.0	lead image
Arrows A9	ACCEPTED	File:Arrows A9 at Goodwood 2012 (3).jpg	CC BY-SA 2.0	lead image
Arrows FA1	ACCEPTED	File:Riccardo Patrese - Arrows FA1 at Druids at the 1978 British Grand Prix (50050521097).jpg	CC BY-SA 2.0	lead image
Aston Martin AMR21	ACCEPTED	File:Sebastian Vettel, F1 British Grand Prix 2021.jpg	CC BY 4.0	lead image
Aston Martin AMR22	ACCEPTED	File:Sebastian Vettel 2022 (cropped).jpg	CC BY-SA 4.0	lead image
Aston Martin DBR4	ACCEPTED	File:Aston Martin DBR4 Mallory Park.JPG	CC BY-SA 3.0	lead image
BAR 002	ACCEPTED	File:BAR 002 Honda Collection Hall.jpg	CC BY-SA 3.0	lead image
BAR 003	ACCEPTED	File:Jacques Villeneuve 2001 Canada.jpg	CC BY-SA 2.0	lead image
BAR 004	ACCEPTED	File:BAR 004 Villeneuve.jpg	CC BY-SA 2.0	lead image
BAR 005	ACCEPTED	File:Jenson Button 2003 Silverstone.jpg	CC BY-SA 2.0	lead image
BAR 006	ACCEPTED	File:BAR006HCH.jpg	Public domain	lead image
BAR 01	ACCEPTED	File:Jacques Villeneuve 1999 Canada.jpg	CC BY-SA 2.0	lead image
BMW Sauber F1.06	ACCEPTED	File:Nick Heidfeld 2006 Brazil.jpg	CC BY-SA 3.0	lead image
BMW Sauber F1.07	ACCEPTED	File:Nick Heidfeld 2007 Britain 2.jpg	CC BY 2.0	lead image
BMW Sauber F1.08	ACCEPTED	File:Nick Heidfeld 2008 test.jpg	CC BY 2.0	lead image
BMW Sauber F1.09	ACCEPTED	File:Kubica BMW F1.09.jpg	CC BY 2.0	lead image
BRM P126	ACCEPTED	File:1968 BRM P126 Goodwood, 2009.JPG	CC BY-SA 3.0	lead image
BRM P133	ACCEPTED	File:Rodriguez, Pedro - BRM 1968.jpg	CC BY-SA 2.0 de	lead image
BRM P138	ACCEPTED	File:Surtees at 1969 Dutch Grand Prix.jpg	CC BY-SA 3.0 nl	lead image
BRM P139	ACCEPTED	File:BRM P139.jpg	CC BY-SA 3.0	lead image
BRM P160	ACCEPTED	File:BRM P160E front-left Donington Grand Prix Collection.jpg	CC BY-SA 3.0	lead image
BRM P180	ACCEPTED	File:BRM P180 front-left Donington Grand Prix Collection.jpg	CC BY-SA 3.0	lead image
BRM P201	ACCEPTED	File:BRM P201 Mallory Park.JPG	CC BY-SA 3.0	lead image
BRM P207	ACCEPTED	File:BRM P207.jpg	CC BY-SA 4.0	lead image
BRM P25	ACCEPTED	File:BRM P25 at Silverstone Classic 2011.jpg	CC BY 2.0	lead image
BRM P261	ACCEPTED	File:BRM P261 at Silverstone.jpg	CC BY-SA 3.0	lead image
BRM P48	ACCEPTED	File:BRM P48 Mallory Park.JPG	CC BY-SA 3.0	lead image
BRM P57	ACCEPTED	File:BRM P57.jpg	CC BY-SA 3.0 de	lead image
BRM P67	ACCEPTED	File:BRM P67 Donington.jpg	CC BY-SA 3.0	lead image
BRM P83	ACCEPTED	File:BRM P83.jpg	CC BY-SA 3.0	lead image
Benetton B186	ACCEPTED	File:Gerhard Berger 1986 Detroit.jpg	CC BY-SA 2.0	lead image
Benetton B188	ACCEPTED	File:Benetton B188 Goodwood FoS 2009 2.jpg	CC BY 2.0	lead image
Benetton B189	ACCEPTED	File:Alessandro Nannini 1989 Belgian GP 1.jpg	CC BY 2.0	lead image
Benetton B190	ACCEPTED	File:Benetton B190 front-right 2010 Pavilion Pit Stop.jpg	CC BY-SA 3.0	lead image
Benetton B191	ACCEPTED	File:2006FOS 1991BenettonB191.jpg	CC BY 2.0	lead image
Benetton B192	ACCEPTED	File:Benetton B192 Festival Italia 2018 Brands Hatch (29364189327).jpg	CC BY-SA 2.0	lead image
Benetton B193	ACCEPTED	File:Michael Schumacher - Benetton B193B during practice for the 1993 British Grand Prix (33686665215).jpg	CC BY-SA 2.0	lead image
Benetton B194	ACCEPTED	File:Michael Schumacher 1994 Silverstone 4.jpg	CC BY-SA 2.0	lead image
Benetton B195	ACCEPTED	File:Benetton B195 left 2019 Michael Schumacher Private Collection.jpg	CC BY-SA 4.0	lead image
Benetton B196	ACCEPTED	File:Jean Alesi - Imola 1996 (5).jpg	CC BY-SA 4.0	lead image
Benetton B197	ACCEPTED	File:Wurz at Silverstone.jpg	CC BY-SA 2.5	lead image
Benetton B198	ACCEPTED	File:Benetton B198 schraeg vorne.jpg	CC BY-SA 4.0	lead image
Benetton B199	ACCEPTED	File:Giancarlo Fisichella 1999 Canada.jpg	CC BY-SA 2.0	lead image
Benetton B200	ACCEPTED	File:Benetton F1 2000.jpg	CC BY-SA 4.0	lead image
Benetton B201	ACCEPTED	File:Button 2001 French Grand Prix.jpg	CC BY 2.5	lead image
Brabham BT10	ACCEPTED	File:Brabham BT10.jpg	CC BY-SA 3.0 de	lead image
Brabham BT11	ACCEPTED	File:Repco Brabham BT11A of Peter Strauss (2).JPG	CC BY-SA 3.0	lead image
Brabham BT19	ACCEPTED	File:Brabham BT19, NSM, 2008 horizontal.JPG	CC BY-SA 3.0	lead image
Brabham BT20	ACCEPTED	File:Brabham BT20.jpg	CC BY-SA 2.0	lead image
Brabham BT24	ACCEPTED	File:Brabham BT24 1967.jpg	CC BY-SA 3.0	lead image
Brabham BT26	ACCEPTED	File:Brabham BT26 Tasman Donington.jpg	CC BY-SA 3.0	lead image
Brabham BT3	ACCEPTED	File:Brabham BT3.jpg	CC BY-SA 3.0	lead image
Brabham BT37	ACCEPTED	File:Brabham BT37 front Donington Grand Prix Collection.jpg	CC BY-SA 3.0	lead image
Brabham BT44	ACCEPTED	File:Brabham BT44 at Barber 01.jpg	CC BY-SA 2.0	lead image
Brabham BT45	ACCEPTED	File:Brabham BT45B.jpeg	CC BY 2.0	lead image
Brabham BT46	ACCEPTED	File:2001 Goodwood Festival of Speed Brabham BT46B Fan car.jpg	CC BY 2.0	lead image
Brabham BT48	ACCEPTED	File:Nelson Piquet - Brabham BT48 at the 1979 Race of Champions (50140832791).jpg	CC BY-SA 2.0	lead image
Brabham BT49	ACCEPTED	File:Piquetmonaco.jpg	CC BY-SA 3.0	lead image
Brabham BT50	ACCEPTED	File:Patrese at 1982 Dutch Grand Prix crop.jpg	CC BY-SA 3.0 nl	lead image
Brabham BT52	ACCEPTED	File:Nelson Piquet driving Brabham BT52 2013 Goodwood Festival of Speed.jpg	CC BY 2.0	lead image
Brabham BT53	ACCEPTED	File:Piquet Brabham BT53 1984 Dallas F1.jpg	CC BY-SA 2.0	lead image
Brabham BT54	ACCEPTED	File:Brabham BMW BT54 Turbo 1985 vr TCE.jpg	CC BY-SA 3.0	lead image
Brabham BT55	ACCEPTED	File:Brabhams at the 2016 Goodwood Festival of Speed.jpg	CC BY-SA 2.0	lead image
Brabham BT56	ACCEPTED	File:Brabham BT56 NEC Jan 1994 (51897762409).jpg	CC BY 2.0	lead image
Brabham BT58	ACCEPTED	File:Martin Brundle Spa 1989.jpg	CC BY 4.0	lead image
Brabham BT60	ACCEPTED	File:The 1992 Brabham-Judd BT60 of Damon Hill at the Donington Grand Prix collection (14478863180).jpg	CC BY 2.0	lead image
Brabham BT7	ACCEPTED	File:Brabham bt7.jpg	CC BY-SA 2.0	lead image
Brawn BGP 001	ACCEPTED	File:Button Spain 2009.jpg	CC BY 2.0	lead image
Caterham CT01	ACCEPTED	File:Vitaly Petrov 2012 Malaysia FP1.jpg	CC BY-SA 3.0	lead image
Caterham CT03	ACCEPTED	File:Charles Pic 2013 Malaysia FP2.jpg	CC BY-SA 3.0	lead image
Caterham CT05	ACCEPTED	File:Marcus Ericsson 2014 British GP 001.jpg	CC BY 2.0	lead image
Coloni C3	ACCEPTED	File:C3-1.jpg	CC BY-SA 3.0	lead image
Coloni C4	ACCEPTED	File:Ingo Iserhardt, Formel 1 Test.jpg	CC BY-SA 3.0 de	lead image
Connaught Type B	ACCEPTED	File:1955 Connaught B-Type.jpg	CC BY 2.0	lead image
Connaught Type C	ACCEPTED	File:Connaught Type C.jpg	CC BY-SA 4.0	lead image
Cooper T23	ACCEPTED	File:Cooper T23 2017 Silverstone Classic (38632978040).jpg	CC BY 2.0	lead image
Cooper T45	ACCEPTED	File:Cooper T45 Rob WalkerDonington pits.jpg	CC BY-SA 3.0	lead image
Cooper T51	ACCEPTED	File:Cooper T51 Rob Walker Donington.jpg	CC BY-SA 3.0	lead image
Cooper T53	ACCEPTED	File:Cooper T53 Wheatcroft Straight.jpg	CC BY-SA 3.0	lead image
Cooper T55	ACCEPTED	File:P. Hill and Maggs at 1962 Dutch Grand Prix.jpg	CC BY-SA 3.0 nl	lead image
Cooper T60	ACCEPTED	File:Cooper T60 Donington.jpg	CC BY-SA 3.0	lead image
Cooper T66	ACCEPTED	File:Cooper T66 Donington paddock.jpg	CC BY-SA 3.0	lead image
Cooper T73	ACCEPTED	File:Cooper T71-73 Wheatcroft Straight.jpg	CC BY-SA 3.0	lead image
Cooper T81	ACCEPTED	File:Cooper T81 Anglo-Suisse.jpg	CC BY-SA 3.0	lead image
Cooper T86	ACCEPTED	File:Bianchi and McLaren at 1968 Dutch Grand Prix.jpg	CC BY-SA 3.0 nl	lead image
Dallara F189	ACCEPTED	File:Paris - Retromobile 2014 - BMS Dallara Formule 1 - 1989 - 002.jpg	CC BY-SA 3.0	lead image
Dallara F191	ACCEPTED	File:Dallara 191 - Brands Hatch 2018 (3).jpg	CC BY-SA 2.0	lead image
Dallara F192	ACCEPTED	File:Dallara-Ferrari F192 1992 Formula1 Racer JJ Lehto BMS-Ferrari Racing LSideFront SATM 05June2013 (14414250577).jpg	CC BY 2.0	lead image
De Tomaso 505/38	ACCEPTED	File:Paris - Retromobile 2012 - De Tomaso 505 - 1970 - 001.jpg	CC BY-SA 3.0	lead image
Eagle Mk1	ACCEPTED	File:Dan Gurney Eagle Mk1 Goodwood Festival of Speed 2018 (41657966100).jpg	CC BY 2.0	lead image
Ensign N179	ACCEPTED	File:Ensign N179 (52339098099) (cropped).jpg	CC BY 2.0	lead image
EuroBrun ER188	ACCEPTED	File:Eurobrun ER188 Italian Grand Prix 2025.jpg	CC BY 4.0	lead image
EuroBrun ER189	ACCEPTED	File:EurobrunER189 RaceHistoryOnTrack HH2011.jpg	CC BY-SA 3.0	lead image
Ferguson P99	ACCEPTED	File:Ferguson P99 - Flickr - andrewbasterfield (1).jpg	CC BY-SA 2.0	lead image
Ferrari 126C	ACCEPTED	File:Ferrari 126CK front-left Museo Ferrari.jpg	CC BY-SA 3.0	lead image
Ferrari 150º Italia	ACCEPTED	File:Fernando Alonso (6195537247).jpg	CC BY-SA 2.0	lead image
Ferrari 156 F1	ACCEPTED	File:Ferrari Tipo 156 Sharknose (1961) Solitude Revival 2019 IMG 1632.jpg	CC BY-SA 4.0	lead image
Ferrari 158	ACCEPTED	File:Ferrari 158 F1 1964.jpg	CC BY-SA 2.0	lead image
Ferrari 246 F1	ACCEPTED	File:Mike Hawthorn 1958 Argentine GP.jpg	Public domain	lead image
Ferrari 246 P	ACCEPTED	File:1960 Modena F2 GP 03.png	Public domain	lead image
Ferrari 248 F1	ACCEPTED	File:Michael Schumacher Ferrari 248F1 2006 Brazil.jpg	CC BY-SA 3.0	lead image
Ferrari 312	ACCEPTED	File:Ferrari 312 - 002.jpg	Public domain	lead image
Ferrari 312B	ACCEPTED	File:Rétromobile 2017 - Ferrari 312 B2 - 1972 - 002.jpg	CC BY-SA 4.0	lead image
Ferrari 312T	ACCEPTED	File:LaudaNiki19760731Ferrari312T2.jpg	CC BY-SA 2.0 de	lead image
Ferrari 375 F1	ACCEPTED	File:Ferrari 375 F1 noBG.jpg	CC BY-SA 4.0	lead image
Ferrari 412 T1	ACCEPTED	File:Jean Alesi - Ferrari 412T1B at the 1994 British Grand Prix (32541414105).jpg	CC BY-SA 2.0	lead image
Ferrari 412 T2	ACCEPTED	File:Jean Alesi 1995 Britain.jpg	CC BY-SA 2.0	lead image
Ferrari 553	ACCEPTED	File:Ferrari553F1.jpg	Public domain	lead image
Ferrari 640	ACCEPTED	File:Nigel Mansell Ferrari F1 (16032819141).jpg	CC BY 2.0	lead image
Ferrari 641	ACCEPTED	File:Ferrari 641-2 front-left2 Museo Ferrari.jpg	CC BY-SA 3.0	lead image
Ferrari 642	ACCEPTED	File:Prost monaco91.jpg	CC BY-SA 3.0	lead image
Ferrari 643	ACCEPTED	File:2006FOS 1991Ferrari.jpg	CC BY 2.0	lead image
Ferrari F1-2000	ACCEPTED	File:Rubens Barrichello 2000 Belgian.jpg	CC BY 2.0	lead image
Ferrari F1-75	ACCEPTED	File:Charles Leclerc 2022.jpg	CC BY-SA 4.0	lead image
Ferrari F1/86	ACCEPTED	File:Alboreto at 1986 Italian Grand Prix.jpg	CC BY-SA 2.0	lead image
Ferrari F1/87	ACCEPTED	File:Ferrari F1-87.jpg	CC BY-SA 3.0	lead image
Ferrari F10	ACCEPTED	File:Ferrari Bahrain 2010.jpg	CC BY 2.0	lead image
Ferrari F138	ACCEPTED	File:Felipe Massa 2013 Malaysia FP2 2.jpg	CC BY-SA 3.0	lead image
Ferrari F14 T	ACCEPTED	File:Fernando Alonso 2014 British GP 002 (cropped).jpg	CC BY 2.0	lead image
Ferrari F2001	ACCEPTED	File:Schumacher Ferrari F2001 at Laguna Seca.jpg	CC BY 2.0	lead image
Ferrari F2002	ACCEPTED	File:Ferrari F2002 front-right Museo Ferrari.jpg	CC BY-SA 3.0	lead image
Ferrari F2003-GA	ACCEPTED	File:Michael Schumacher 2003 Silverstone (cropped).jpg	CC BY-SA 2.0	lead image
Ferrari F2004	ACCEPTED	File:Michael Schumacher Ferrari 2004.jpg	CC BY-SA 3.0	lead image
Ferrari F2005	ACCEPTED	File:MichaelSchumacherHO2005.jpg	Public domain	lead image
Ferrari F2007	ACCEPTED	File:Kimi Raikkonen 2007 Britain 2.jpg	CC BY 2.0	lead image
Ferrari F2008	ACCEPTED	File:Luca Badoer 2008 test.jpg	CC BY 2.0	lead image
Ferrari F2012	ACCEPTED	File:Fernando Alonso 2012 Malaysia FP1.jpg	CC BY-SA 3.0	lead image
Ferrari F300	ACCEPTED	File:Ferrari F300 front-right1 2019 Michael Schumacher Private Collection.jpg	CC BY-SA 4.0	lead image
Ferrari F310	ACCEPTED	File:Ferrari F310 front-left National Motor Museum, Beaulieu.jpg	CC BY-SA 3.0	lead image
Ferrari F399	ACCEPTED	File:Eddie Irvine 1999 Canada.jpg	CC BY-SA 2.0	lead image
Ferrari F60	ACCEPTED	File:Raikkonen Spain 2009.jpg	CC BY 2.0	lead image
Ferrari F92A	ACCEPTED	File:Jean Alesi.jpg	CC BY 2.0	lead image
Ferrari F93A	ACCEPTED	File:Gerhard Berger - Ferrari F93A during practice for the 1993 British Grand Prix (33686722605).jpg	CC BY-SA 2.0	lead image
Ferrari SF-23	ACCEPTED	File:FIA F1 Austria 2023 Nr. 55 (1).jpg	CC BY-SA 4.0	lead image
Ferrari SF-24	ACCEPTED	File:Carlos Sainz Chinese GP 2024.jpg	CC BY-SA 4.0	lead image
Ferrari SF-25	ACCEPTED	File:FIA F1 Austria 2025 Nr. 44 Hamilton.jpg	CC BY-SA 4.0	lead image
Ferrari SF-26	ACCEPTED	File:FIA F1 Austria 2026 Nr. 44 Hamilton (1).jpg	CC BY-SA 4.0	lead image
Ferrari SF1000	ACCEPTED	File:2020 F1 Pre-Season Testing Catalonia (49629607611).jpg	CC BY 2.0	lead image
Ferrari SF15-T	ACCEPTED	File:Sebastian Vettel 2015 Malaysia FP2 3.jpg	CC BY-SA 4.0	lead image
Ferrari SF16-H	ACCEPTED	File:Sebastian Vettel 2016 Malaysia FP2 1.jpg	CC BY-SA 4.0	lead image
Ferrari SF21	ACCEPTED	File:FIA F1 Austria 2021 Nr. 16 Leclerc (side).jpg	CC BY-SA 4.0	lead image
Ferrari SF70H	ACCEPTED	File:Sebastian Vettel 2017 Malaysia FP1 1.jpg	CC BY-SA 4.0	lead image
Ferrari SF71H	ACCEPTED	File:FIA F1 Austria 2018 Nr. 5 Vettel.jpg	CC BY-SA 4.0	lead image
Ferrari SF90	ACCEPTED	File:FIA F1 Austria 2019 Nr. 5 Vettel 1.jpg	CC BY-SA 4.0	lead image
Ferrari Tipo 500	ACCEPTED	File:Ferrari 500 F2 front-left Donington Grand Prix Collection.jpg	CC BY-SA 3.0	lead image
Fittipaldi F5	ACCEPTED	File:Fittipaldi F5A Auto und Technik Museum Sinsheim.jpg	CC BY 2.0	lead image
Fittipaldi FD	ACCEPTED	File:Copersucar FD04 1976.jpg	CC BY-SA 3.0	lead image
Fondmetal GR01	ACCEPTED	File:1992 Andrea Chiesa Fondmetal cropped.jpg	CC BY 2.0	lead image
Footwork FA12	ACCEPTED	File:Flickr - wbaiv - DSC 0167.jpg	CC BY-SA 2.0	lead image
Footwork FA16	ACCEPTED	File:Taki Inoue 1995 Britain.jpg	CC BY-SA 2.0	lead image
Footwork FA17	ACCEPTED	File:Grand Prix Monaco96 131954710.jpg	CC BY 2.0	lead image
Force India VJM02	ACCEPTED	File:Fisichella Spain 2009.jpg	CC BY 2.0	lead image
Force India VJM03	ACCEPTED	File:Liuzzi Bahrain 2010 (cropped).jpg	CC BY 2.0	lead image
Force India VJM04	ACCEPTED	File:Paul Di Resta (6182439125).jpg	CC BY-SA 2.0	lead image
Force India VJM05	ACCEPTED	File:Nico Hulkenberg 2012 Malaysia FP1.jpg	CC BY-SA 3.0	lead image
Force India VJM06	ACCEPTED	File:Adrian Sutil 2013 Malaysia FP2.jpg	CC BY-SA 3.0	lead image
Force India VJM07	ACCEPTED	File:F1 - Force India - Nico Hülkenberg (14428318228).jpg	CC BY 2.0	lead image
Force India VJM08	ACCEPTED	File:Hülkenberg Japan 2015.jpg	CC BY 2.0	lead image
Force India VJM09	ACCEPTED	File:Sergio Perez 2016 Malaysia FP2 1.jpg	CC BY-SA 4.0	lead image
Force India VJM10	ACCEPTED	File:Esteban Ocon 2017 Malaysia FP2 2.jpg	CC BY-SA 4.0	lead image
Force India VJM11	ACCEPTED	File:FIA F1 Austria 2018 Nr. 11 Perez.jpg	CC BY-SA 4.0	lead image
Forti FG01	ACCEPTED	File:Roberto Moreno Forti 1995 Britain (crop).jpg	CC BY-SA 2.0	lead image
Gordini T16	ACCEPTED	File:Gordini T16 at Silverstone Classic 2011.jpg	CC BY 2.0	lead image
Gordini T32	ACCEPTED	File:1955 Gordini GP type 32, 8 cylinder, 250hp, 2473cm3, 270kmh, photo 1.JPG	CC0	lead image
HRT F112	ACCEPTED	File:Pedro de la Rosa 2012 Malaysia FP1.jpg	CC BY-SA 3.0	lead image
Haas VF-16	ACCEPTED	File:Romain Grosjean 2016 Malaysia FP2 1.jpg	CC BY-SA 4.0	lead image
Haas VF-17	ACCEPTED	File:Kevin Magnussen 2017 Malaysia FP2 2.jpg	CC BY-SA 4.0	lead image
Haas VF-18	ACCEPTED	File:FIA F1 Austria 2018 Nr. 8 Grosjean.jpg	CC BY-SA 4.0	lead image
Haas VF-19	ACCEPTED	File:FIA F1 Austria 2019 Nr. 20 Magnussen 1.jpg	CC BY-SA 4.0	lead image
Haas VF-20	ACCEPTED	File:Romain Grosjean-Haas VF-20 (1).jpg	CC BY 3.0	lead image
Haas VF-21	ACCEPTED	File:FIA F1 Austria 2021 Nr. 47 Schumacher (side).jpg	CC BY-SA 4.0	lead image
Haas VF-22	ACCEPTED	File:2022 British Grand Prix (52381409242).jpg	CC BY 2.0	lead image
Haas VF-24	ACCEPTED	File:FIA F1 Austria 2024 Nr. 20 Magnussen.jpg	CC BY-SA 4.0	lead image
Haas VF-25	ACCEPTED	File:FIA F1 Austria 2025 Nr. 87 Bearman.jpg	CC BY-SA 4.0	lead image
Haas VF-26	ACCEPTED	File:FIA F1 Austria 2026 Nr. 31 Ocon (3).jpg	CC BY-SA 4.0	lead image
Hesketh 308C	ACCEPTED	File:Wolf-Williams FW05 at Goodwood 2010 crop.jpg	CC BY-SA 2.0	lead image
Hesketh 308E	ACCEPTED	File:Hesketh 308E 2008 Goodwood.jpg	CC BY 2.0	lead image
Hill GH1	ACCEPTED	File:2017 FIA Masters Historic Formula One Championship, Circuit of the Americas Hill cropped (23970297598).jpg	CC BY-SA 2.0	lead image
Hispania F111	ACCEPTED	File:Ricciardo 2010 italian gp.jpg	CC BY-SA 2.0	lead image
Honda RA106	ACCEPTED	File:Rubens Barrichello 2006 Brazil.jpg	CC BY-SA 3.0	lead image
Honda RA107	ACCEPTED	File:Rubens Barrichello 2007 Malaysia.jpg	CC BY-SA 2.0	lead image
Honda RA108	ACCEPTED	File:Barrichello Canada 2008.jpg	CC BY-SA 2.0	lead image
Honda RA271	ACCEPTED	File:1964 Honda Race Car (21037306085).jpg	CC BY-SA 2.0	lead image
Honda RA272	ACCEPTED	File:Honda RA272 (13084246993) (cropped).jpg	CC BY-SA 2.0	lead image
Honda RA273	ACCEPTED	File:Honda RA273 Honda Collection Hall.jpg	CC BY-SA 3.0	lead image
Honda RA300	ACCEPTED	File:Honda RA300 front-left Honda Collection Hall.jpg	CC BY-SA 3.0	lead image
Honda RA301	ACCEPTED	File:Honda RA301 1968 Mexico Honda Collection Hall.jpg	CC BY-SA 3.0	lead image
Honda RA302	ACCEPTED	File:Honda RA302 left Honda Collection Hall.jpg	CC BY-SA 3.0	lead image
Jaguar R1	ACCEPTED	File:2000 Jaguar R1 3.0 Front.jpg	CC BY-SA 4.0	lead image
Jaguar R2	ACCEPTED	File:Pedro de la Rosa 2001 Canada.jpg	CC BY-SA 2.0	lead image
Jaguar R3	ACCEPTED	File:Jaguar R3.jpg	CC BY-SA 2.0	lead image
Jaguar R4	ACCEPTED	File:Antônio Pizzonia 2003 Silverstone.jpg	CC BY-SA 2.0	lead image
Jaguar R5	ACCEPTED	File:Webber usgp 2004.jpg	CC BY-SA 3.0	lead image
Jordan 191	ACCEPTED	File:Jordan 191 Michael Schumacher (14464876712).jpg	CC BY 2.0	lead image
Jordan 192	ACCEPTED	File:Jordan 192 Yamaha Communication Plaza.jpg	CC BY-SA 3.0	lead image
Jordan 193	ACCEPTED	File:Thierry Boutsen - Jordan 193 during practice for the 1993 British Grand Prix (32843912224).jpg	CC BY-SA 2.0	lead image
Jordan 194	ACCEPTED	File:Eddie Irivne - Jordan 194 at the 1994 British Grand Prix (32162302350).jpg	CC BY-SA 2.0	lead image
Jordan 195	ACCEPTED	File:Rubens Barrichello 1995 Britain.jpg	CC BY-SA 2.0	lead image
Jordan 196	ACCEPTED	File:Jordan Peugeot 196.jpg	CC BY-SA 3.0	lead image
Jordan 197	ACCEPTED	File:1997 Jordan 197 Peugeot 2998cc V10 photo 1.JPG	CC0	lead image
Jordan 198	ACCEPTED	File:Jordan 198 front-left Donington Grand Prix Collection.jpg	CC BY-SA 3.0	lead image
Jordan 199	ACCEPTED	File:Heinz-Harald Frentzen 1999 Canada.jpg	CC BY-SA 2.0	lead image
Jordan EJ10	ACCEPTED	File:Heinz-Harald Frentzen 2000 Belgium.jpg	CC BY 2.0	lead image
Jordan EJ11	ACCEPTED	File:Heinz-Harald Frentzen 2001 Canada.jpg	CC BY-SA 2.0	lead image
Jordan EJ12	ACCEPTED	File:Jodan honda ej12.JPG	CC BY-SA 3.0	lead image
Jordan EJ13	ACCEPTED	File:Giancarlo Fisichella 2003 Silverstone 8.jpg	CC BY-SA 2.0	lead image
Jordan EJ14	ACCEPTED	File:Nick Heidfeld 2004 Canada cropped.jpg	CC BY-SA 2.0	lead image
Kick Sauber C44	ACCEPTED	File:2024-08-24 Motorsport, Formel 1, Großer Preis der Niederlande 2024 STP 3314 by Stepro.jpg	CC BY-SA 4.0	lead image
Kick Sauber C45	ACCEPTED	File:2025 Japan GP - Sauber - Nico Hulkenberg - FP1.jpg	CC BY-SA 4.0	lead image
Lambo 291	ACCEPTED	File:Lamborghini 291 (54910906617).jpg	CC BY-SA 4.0	lead image
Lancia D50	ACCEPTED	File:Lancia D50 at Goodwood Revival 2012.jpg	CC BY 2.0	lead image
Larrousse LH93	ACCEPTED	File:Erik Comas - Larrousse LH93 during practice for the 1993 British Grand Prix (33302817820).jpg	CC BY-SA 2.0	lead image
Larrousse LH94	ACCEPTED	File:Eric Comas - Larrousse LH94 at the 1994 British Grand Prix (32418647801).jpg	CC BY-SA 2.0	lead image
Leyton House CG901	ACCEPTED	File:Leyton House CG901 Formula One, 1990 - Collings Foundation - Massachusetts - DSC07049.jpg	CC0	lead image
Leyton House CG911	ACCEPTED	File:Ivan Capelli 1991 USA.jpg	CC BY 2.0	lead image
Ligier JS11	ACCEPTED	File:Jacques Laffite Ligier JS11 15 2019 Silverstone Classic (48557917442).jpg	CC BY 2.0	lead image
Ligier JS17	ACCEPTED	File:Laffite en Reutemann tijdens de Grand Prix Formule 1 van Nederland 1981.jpg	CC0	lead image
Ligier JS19	ACCEPTED	File:Jacques Laffite 1982 Pau.jpg	CC BY-SA 2.0	lead image
Ligier JS21	ACCEPTED	File:Ligier JS 21.jpg	Public domain	lead image
Ligier JS23	ACCEPTED	File:Andrea de Cesaris 1984 Dallas.jpg	CC BY-SA 2.0	lead image
Ligier JS25	ACCEPTED	File:-125 - Ligier JS25 - 1985.jpg	CC BY 4.0	lead image
Ligier JS27	ACCEPTED	File:Manoir de l'Automobile - 213 - F1 Ligier JS 27 1986.jpg	CC BY-SA 4.0	lead image
Ligier JS29	ACCEPTED	File:Ligier JS 29 1.jpg	CC BY 3.0	lead image
Ligier JS31	ACCEPTED	File:Ligier JS31 - Rétromobile 2025.jpg	CC BY-SA 4.0	lead image
Ligier JS33	ACCEPTED	File:Philippe Alliot 1990 United States.jpg	CC BY 2.0	lead image
Ligier JS35	ACCEPTED	File:Ligier JS35.jpg	CC BY-SA 2.0	lead image
Ligier JS37	ACCEPTED	File:Manoir de l'Automobile - 208 - F1 Ligier JS 37 V10 Renault 1992.jpg	CC BY-SA 4.0	lead image
Ligier JS39	ACCEPTED	File:Martin Brundle 1993 Silverstone.jpg	CC BY-SA 2.0	lead image
Ligier JS41	ACCEPTED	File:Martin Brundle - Ligier JS41 at Silverstone, British GP 1995 (49684947437).jpg	CC BY-SA 2.0	lead image
Ligier JS43	ACCEPTED	File:Ligier JS43 front-left Honda Collection Hall.jpg	CC BY-SA 3.0	lead image
Ligier JS5	ACCEPTED	File:Jacques Laffite GP Italia 1976.jpg	Public domain	lead image
Ligier JS9	ACCEPTED	File:Romorantin-Lanthenay (Loir-et-Cher) (52276886480).jpg	CC BY 2.0	lead image
Lola LC87	ACCEPTED	File:Lola LC87.jpg	CC BY-SA 4.0	lead image
Lola LC88	ACCEPTED	File:Larrousse Lola LC88-Cosworth of Philippe Alliot at the 2025 Adelaide Grand Final - 05.jpg	CC BY-SA 4.0	lead image
Lola LC89	ACCEPTED	File:Musée Lamborghini 0078.JPG	CC BY-SA 3.0	lead image
Lola LC90	ACCEPTED	File:Aguri Suzuki demonstrating Lola LC90 2012 Japan.jpg	CC BY-SA 3.0	lead image
Lola Mk4	ACCEPTED	File:Lola Mk4 Surtees 2008 Goodwood.jpg	CC BY 2.0	lead image
Lola T370	ACCEPTED	File:Haynes International Motor Museum - IMG 1496 - Flickr - Adam Woodford.jpg	CC BY 2.0	lead image
Lola T93/30	ACCEPTED	File:Michele Alboreto - Lola T93-30 during practice for the 1993 British Grand Prix (33557339751).jpg	CC BY-SA 2.0	lead image
Lola T97/30	ACCEPTED	File:F1Lola1997.jpg	Public domain	lead image
Lotus 100T	ACCEPTED	File:Sato Lotus 100T Suzuka 2010.jpg	CC BY-SA 2.0	lead image
Lotus 101	ACCEPTED	File:Satoru Nakajima demonstrating Lotus 101 2011 Japan.jpg	CC BY-SA 3.0	lead image
Lotus 102	ACCEPTED	File:Lotus-Lamborghini 102.jpg	CC BY-SA 2.0	lead image
Lotus 107	ACCEPTED	File:Alessandro Zanardi - Lotus 107 during practice for the 1993 British Grand Prix (32873601273).jpg	CC BY-SA 2.0	lead image
Lotus 109	ACCEPTED	File:Alessandro Zanardi - Lotus 109 at the 1994 British Grand Prix (32500452896).jpg	CC BY-SA 2.0	lead image
Lotus 12	ACCEPTED	File:1957 Lotus 12 Formula 2 (31515662418).jpg	CC BY 2.0	lead image
Lotus 16	ACCEPTED	File:Lotus 16.jpg	CC BY-SA 3.0	lead image
Lotus 18	ACCEPTED	File:Lotus 18 Stirling Moss Monaco 1961.jpg	CC BY-SA 3.0	lead image
Lotus 24	ACCEPTED	File:Lotus 24 2018 Silverstone Classic (33154067588).jpg	CC BY 2.0	lead image
Lotus 25	ACCEPTED	File:1964 Lotus-Climax 25.jpg	CC0	lead image
Lotus 33	ACCEPTED	File:Lotus 33 Climax Jackie Stewart at Goodwood Revival 2013 001.jpg	CC BY 2.0	lead image
Lotus 43	ACCEPTED	File:FoS20162016 0624 112938AA (27785376742).jpg	CC BY-SA 2.0	lead image
Lotus 48	ACCEPTED	File:Lotus 48 - 001.jpg	Public domain	lead image
Lotus 49	ACCEPTED	File:HillGraham19690801Lotus-Nordkehre.jpg	CC BY-SA 2.0 de	lead image
Lotus 56	ACCEPTED	File:David Walker 1971 Lotus 56 B Pratt Whitney.jpg	CC BY-SA 3.0	lead image
Lotus 63	ACCEPTED	File:Lotus 63 Donington.jpg	CC BY-SA 3.0	lead image
Lotus 72	ACCEPTED	File:1971 Emerson Fittipaldi, Lotus 72 (kl).JPG	CC BY-SA 3.0 de	lead image
Lotus 77	ACCEPTED	File:Lotus 77 Sears Point.jpg	CC BY-SA 2.5	lead image
Lotus 78	ACCEPTED	File:2017 FIA Masters Historic Formula One Championship, Circuit of the Americas (23970306838).jpg	CC BY-SA 2.0	lead image
Lotus 79	ACCEPTED	File:Ronnie Peterson - Lotus 79 at Druids at the 1978 British Grand Prix (50050520537).jpg	CC BY-SA 2.0	lead image
Lotus 80	ACCEPTED	File:Mario Andretti in 1979.jpg	CC BY-SA 2.0	lead image
Lotus 81	ACCEPTED	File:2017 FIA Masters Historic Formula One Championship, Circuit of the Americas (23970302968).jpg	CC BY-SA 2.0	lead image
Lotus 87	ACCEPTED	File:Lotus 87 2008 Silverstone Classic.jpg	CC BY-SA 2.0	lead image
Lotus 88	ACCEPTED	File:Lotus 88B (1981) (22277525756).jpg	CC BY-SA 2.0	lead image
Lotus 91	ACCEPTED	File:Lotus 91 2018 (42512010201).jpg	CC BY 2.0	lead image
Lotus 92	ACCEPTED	File:Lotus 92 Donington.jpg	CC BY-SA 3.0	lead image
Lotus 93T	ACCEPTED	File:Lotus 93T - Elio de Angelis.jpg	CC BY 2.0	lead image
Lotus 94T	ACCEPTED	File:Lotus 94T Mansell Goodwood 2012.jpg	CC BY-SA 2.0	lead image
Lotus 95T	ACCEPTED	File:Mansell Lotus 95T Dallas 1984 F1.jpg	CC BY-SA 2.0	lead image
Lotus 97T	ACCEPTED	File:Lotus97T.jpg	CC BY-SA 4.0	lead image
Lotus 98T	ACCEPTED	File:Senna Brands 1986.jpg	CC BY-SA 3.0	lead image
Lotus 99T	ACCEPTED	File:1987 Lotus 99T 2.jpg	CC BY-SA 4.0	lead image
Lotus E20	ACCEPTED	File:Kimi Raikkonen 2012 Malaysia FP1.jpg	CC BY-SA 3.0	lead image
Lotus E21	ACCEPTED	File:Kimi Raikkonen 2013 Malaysia FP2.jpg	CC BY-SA 3.0	lead image
Lotus E22	ACCEPTED	File:Lotus E22 Maldonado Silverstone 2014 (3).jpg	CC BY 2.0	lead image
Lotus E23 Hybrid	ACCEPTED	File:Romain Grosjean 2015 Malaysia FP1.jpg	CC BY-SA 4.0	lead image
Lotus T127	ACCEPTED	File:Lotus in Bahrain (cropped) 2010.jpg	CC BY 2.0	lead image
March 701	ACCEPTED	File:March 701 (Tyrrell) front-left Heritage Motor Centre, Gaydon.jpg	CC BY-SA 3.0	lead image
March 711	ACCEPTED	File:1971 Andrea de Adamich, March, Fuchsröhre.jpg	CC BY-SA 2.0 de	lead image
March 731	ACCEPTED	File:March 731 front-left Donington Grand Prix Collection.jpg	CC BY-SA 3.0	lead image
March 761	ACCEPTED	File:StuckHansJ1976-07-31.jpg	CC BY-SA 2.0 de	lead image
March 811	ACCEPTED	File:March 811 at Silverstone Classic 2011.jpg	CC BY 2.0	lead image
March 821	ACCEPTED	File:March 821 at Silverstone Classic 2011.jpg	CC BY 2.0	lead image
March CG891	ACCEPTED	File:March CG891 of Andy Higgins.jpg	CC BY-SA 4.0	lead image
Marussia MR01	ACCEPTED	File:Timo Glock 2012 Malaysia FP1.jpg	CC BY-SA 3.0	lead image
Marussia MR02	ACCEPTED	File:Jules Bianchi 2013 Malaysia FP2.jpg	CC BY-SA 3.0	lead image
Marussia MR03	ACCEPTED	File:Jules Bianchi Bahreïn 2014.jpg	CC BY-SA 2.0	lead image
Maserati 250F	ACCEPTED	File:Maserati 250 F, Bj. 1957 (1977-08-14) Südkehre.jpg	CC BY-SA 2.0 de	lead image
Matra MS10	ACCEPTED	File:Matra MS10 front-left Donington Grand Prix Collection.jpg	CC BY-SA 3.0	lead image
Matra MS11	ACCEPTED	File:Matra MS11 front-left Donington Grand Prix Collection.jpg	CC BY-SA 3.0	lead image
Matra MS120	ACCEPTED	File:CitéAuto - Matra MS120.jpg	CC BY-SA 4.0	lead image
Matra MS5	ACCEPTED	File:Matra MS5 2008.jpg	CC BY 2.0	lead image
Matra MS7	ACCEPTED	File:Matra MS7.jpg	CC BY 2.0	lead image
Matra MS80	ACCEPTED	File:StewartJackie19690801MatraFord.jpg	CC BY-SA 2.0 de	lead image
Matra MS84	ACCEPTED	File:Matra MS 84 (1969).jpg	CC BY-SA 2.0 de	lead image
Matra MS9	ACCEPTED	File:Expo Matra CAERM 2019 (5).jpg	CC BY-SA 4.0	lead image
McLaren M14A	ACCEPTED	File:McLaren M14.jpg	CC BY-SA 3.0	lead image
McLaren M19A	ACCEPTED	File:1971 Peter Gethin, McLaren.jpg	CC BY-SA 2.0 de	lead image
McLaren M23	ACCEPTED	File:Emerson Fittipaldi McLaren M23 1974 Britain.jpg	CC BY-SA 3.0	lead image
McLaren M26	ACCEPTED	File:McLaren M26 2007.jpg	CC BY 2.0	lead image
McLaren M28	ACCEPTED	File:McLaren M28 Mont-Tremblant front.jpg	CC BY-SA 3.0	lead image
McLaren M29	ACCEPTED	File:McLaren M29.jpg	CC BY-SA 3.0	lead image
McLaren M2B	ACCEPTED	File:McLaren M2B front-left Donington Grand Prix Collection.jpg	CC BY-SA 3.0	lead image
McLaren M30	ACCEPTED	File:McLaren M30 Mont-Tremblant 2009.jpg	CC BY-SA 3.0	lead image
McLaren M5A	ACCEPTED	File:Grand Prix 68 Zandvoort .Joachim Bonnier, Bestanddeelnr 921-4593.jpg	CC0	lead image
McLaren M7A	ACCEPTED	File:Hulme68.jpg	CC BY-SA 3.0	lead image
McLaren MCL32	ACCEPTED	File:Fernando Alonso 2017 Malaysia FP2 1.jpg	CC BY-SA 4.0	lead image
McLaren MCL33	ACCEPTED	File:FIA F1 Austria 2018 Nr. 14 Alonso.jpg	CC BY-SA 4.0	lead image
McLaren MCL34	ACCEPTED	File:FIA F1 Austria 2019 Nr. 55 Sainz 1.jpg	CC BY-SA 4.0	lead image
McLaren MCL35	ACCEPTED	File:Lando Norris-McLaren MCL35 (3).jpg	CC BY 3.0	lead image
McLaren MCL36	ACCEPTED	File:Lando Norris drives the McLaren MCL36 during the 2022 British Grand Prix..jpg	CC BY-SA 4.0	lead image
McLaren MCL38	ACCEPTED	File:2024-08-25 Motorsport, Formel 1, Großer Preis der Niederlande 2024 STP 3805 by Stepro.jpg	CC BY-SA 4.0	lead image
McLaren MCL39	ACCEPTED	File:FIA F1 Austria 2025 Nr. 4 Norris.jpg	CC BY-SA 4.0	lead image
McLaren MCL40	ACCEPTED	File:FIA F1 Austria 2026 Nr. 1 Norris (3).jpg	CC BY-SA 4.0	lead image
McLaren MCL60	ACCEPTED	File:FIA F1 Austria 2023 Nr. 4 (2).jpg	CC BY-SA 4.0	lead image
McLaren MP4-16	ACCEPTED	File:McLaren MP4-16A 2015 McLaren MP4-16A shakedown (21220157539).jpg	CC BY-SA 2.0	lead image
McLaren MP4-17	ACCEPTED	File:Kimi Räikkönen 2003 Silverstone.jpg	CC BY-SA 2.0	lead image
McLaren MP4-19	ACCEPTED	File:Coulthard 2004 Canada.jpg	CC BY 2.0	lead image
McLaren MP4-20	ACCEPTED	File:Pedro de la Rosa 2005 Canadian GP.jpg	CC BY-SA 1.0	lead image
McLaren MP4-21	ACCEPTED	File:Juan Pablo Montoya Canada 2006 (crop).PNG	CC BY-SA 2.0	lead image
McLaren MP4-22	ACCEPTED	File:Lewis Hamilton 2007 Canada.jpg	CC BY-SA 2.0	lead image
McLaren MP4-23	ACCEPTED	File:Lewis Hamilton 2008 China.jpg	CC BY-SA 2.0	lead image
McLaren MP4-24	ACCEPTED	File:Hamilton McLaren MP4-24.jpg	CC BY 2.0	lead image
McLaren MP4-25	ACCEPTED	File:Jenson Button Bahrain 2010 cropped.jpg	CC BY 2.0	lead image
McLaren MP4-26	ACCEPTED	File:Jenson Button (6182466841).jpg	CC BY-SA 2.0	lead image
McLaren MP4-27	ACCEPTED	File:Lewis Hamilton 2012 Malaysia FP1.jpg	CC BY-SA 3.0	lead image
McLaren MP4-28	ACCEPTED	File:Jenson Button 2013 Malaysia FP2 1.jpg	CC BY-SA 3.0	lead image
McLaren MP4-29	ACCEPTED	File:Mclaren MP4-29 Jenson Button 2014 F1 Chinese GP.jpg	CC BY-SA 2.0	lead image
McLaren MP4-30	ACCEPTED	File:Jenson Button 2015 Malaysia FP2 1.jpg	CC BY-SA 4.0	lead image
McLaren MP4-31	ACCEPTED	File:Fernando Alonso 2016 Malaysia FP2 1.jpg	CC BY-SA 4.0	lead image
McLaren MP4/1	ACCEPTED	File:John Watson McLaren MP4 1 2019 Silverstone Classic (48557916077).jpg	CC BY 2.0	lead image
McLaren MP4/10	ACCEPTED	File:Mark Blundell 1995 Britain.jpg	CC BY-SA 2.0	lead image
McLaren MP4/11	ACCEPTED	File:McLaren MP4-11.JPG	CC BY 2.0 de	lead image
McLaren MP4/12	ACCEPTED	File:McLaren Mercedes MP4-12 1997.jpg	CC BY-SA 3.0	lead image
McLaren MP4/13	ACCEPTED	File:Mercedes-Benz, Techno-Classica 2018, Essen (IMG 9896).jpg	CC BY-SA 4.0	lead image
McLaren MP4/14	ACCEPTED	File:Mika Hakkinen 1999 Canada.jpg	CC BY-SA 2.0	lead image
McLaren MP4/15	ACCEPTED	File:Mika Häkkinen 2000 United States Grand Prix.jpg	CC BY-SA 3.0	lead image
McLaren MP4/2	ACCEPTED	File:Stuttgart Jul 2012 31 (Porsche Museum - 1986 McLaren TAG MP 4-2 C Formel 1).JPG	CC BY-SA 4.0	lead image
McLaren MP4/3	ACCEPTED	File:McLaren MP4-3.jpg	CC BY-SA 3.0	lead image
McLaren MP4/4	ACCEPTED	File:McLaren MP4-4 front-right Honda Collection Hall.jpg	CC BY-SA 3.0	lead image
McLaren MP4/5	ACCEPTED	File:McLaren MP4-5.jpg	CC BY-SA 3.0	lead image
McLaren MP4/6	ACCEPTED	File:McLaren MP4-6 Honda.jpg	CC BY 2.0	lead image
McLaren MP4/7A	ACCEPTED	File:McLaren MP4-7 left Honda Collection Hall.jpg	CC BY-SA 3.0	lead image
McLaren MP4/8	ACCEPTED	File:Ayrton Senna - Mclaren MP4-8 during practice for the 1993 British Grand Prix (32873580103).jpg	CC BY-SA 2.0	lead image
McLaren MP4/9	ACCEPTED	File:Mika Hakkinen - Mclaren MP4-9 at the 1994 British Grand Prix (31697599654).jpg	CC BY-SA 2.0	lead image
Mercedes AMG F1 W10 EQ Power+	ACCEPTED	File:FIA F1 Austria 2019 Nr. 77 Bottas 1.jpg	CC BY-SA 4.0	lead image
Mercedes F1 W03	ACCEPTED	File:Nico Rosberg 2012 Malaysia FP1.jpg	CC BY-SA 3.0	lead image
Mercedes F1 W04	ACCEPTED	File:Lewis Hamilton 2013 Malaysia FP2 1.jpg	CC BY-SA 3.0	lead image
Mercedes F1 W05 Hybrid	ACCEPTED	File:The Dominator (22616462870).jpg	CC BY 2.0	lead image
Mercedes F1 W06 Hybrid	ACCEPTED	File:Lewis Hamilton 2015 Malaysia FP2 1.jpg	CC BY-SA 4.0	lead image
Mercedes F1 W07 Hybrid	ACCEPTED	File:Nico Rosberg 2016 Malaysia FP2.jpg	CC BY-SA 4.0	lead image
Mercedes MGP W01	ACCEPTED	File:Nico Rosberg 2010 Bahrain.jpg	CC BY 2.0	lead image
Mercedes MGP W02	ACCEPTED	File:Michael Schumacher (6182900110).jpg	CC BY-SA 2.0	lead image
Mercedes-AMG F1 W11 EQ Performance	ACCEPTED	File:Lewis Hamilton 2020 Tuscan Grand Prix - race day (cropped).jpg	CC BY-SA 4.0	lead image
Mercedes-Benz W196	ACCEPTED	File:KlingK-MB-W196-1976.jpg	CC BY-SA 2.0 de	lead image
Midland M16	ACCEPTED	File:Tiago Monteiro 2006 April.jpg	CC BY-SA 2.0	lead image
Minardi M01	ACCEPTED	File:Minardi M01.jpg	CC BY-SA 4.0	lead image
Minardi M02	ACCEPTED	File:Mazzacane en Minardi F1 2000.jpg	CC BY-SA 3.0	lead image
Minardi M185	ACCEPTED	File:1985 European GP Martini.jpg	CC BY-SA 2.0	lead image
Minardi M189	ACCEPTED	File:Minardi M189 - Pierluigi Martini.jpg	CC BY-SA 4.0	lead image
Minardi M191	ACCEPTED	File:Minardi M191 Musée Lamborghini.jpg	CC BY-SA 3.0	lead image
Minardi M193	ACCEPTED	File:Pierluigi Martini - Minardi M193 during practice for the 1993 British Grand Prix (33645875476).jpg	CC BY-SA 2.0	lead image
Minardi M194	ACCEPTED	File:Pierluigi Martini - Minardi M194 at the 1994 British Grand Prix (32162211640).jpg	CC BY-SA 2.0	lead image
Minardi M195	ACCEPTED	File:Pierluigi Martini 1995 Britain.jpg	CC BY-SA 2.0	lead image
Minardi M197	ACCEPTED	File:Minardi M197.jpg	CC BY-SA 4.0	lead image
Minardi M198	ACCEPTED	File:Minardi M198 2025-09-06 Italian Grand Prix mod.jpg	CC BY-SA 4.0	lead image
Minardi PS01	ACCEPTED	File:Mobil Alonso - Minardi PS01 2001.jpg	CC BY 3.0	lead image
Minardi PS02	ACCEPTED	File:Webber 2002.jpg	CC BY 2.5	lead image
Minardi PS03	ACCEPTED	File:Justin Wilson 2003 Silverstone.jpg	CC BY-SA 2.0	lead image
Minardi PS04B	ACCEPTED	File:Minardi usgp 2004.jpg	CC BY-SA 3.0	lead image
Osella FA1L	ACCEPTED	File:Osella FA1L.jpg	CC BY-SA 2.0	lead image
Pacific PR01	ACCEPTED	File:Bertrand Gachot - Pacific PR01 at the 1994 British Grand Prix (32418697731).jpg	CC BY-SA 2.0	lead image
Pacific PR02	ACCEPTED	File:Bertrand Gachot 1995 Britain 2.jpg	CC BY-SA 2.0	lead image
Parnelli VPJ4	ACCEPTED	File:Mario Andretti's Parnelli VPJ-4, 1975 British Grand Prix.jpg	CC BY-SA 3.0	lead image
Penske PC1	ACCEPTED	File:Mark Donohue 1975 RoC1.jpg	CC BY-SA 2.0	lead image
Penske PC3	ACCEPTED	File:1976 Penske PC3 (20134868339).jpg	CC BY 2.0	lead image
Penske PC4	ACCEPTED	File:Goodwood Festival of Speed 2021 (51308220109).jpg	CC BY-SA 2.0	lead image
Porsche 804	ACCEPTED	File:Porsche 804 front-left Porsche Museum.jpg	CC BY-SA 3.0	lead image
Prost AP01	ACCEPTED	File:Prost AP01 2.JPG	CC BY-SA 3.0	lead image
Prost AP02	ACCEPTED	File:Jarno Trulli 1999 Canada.jpg	CC BY-SA 2.0	lead image
Prost AP03	ACCEPTED	File:Prost Grand Prix 06.jpg	Public domain	lead image
Prost AP04	ACCEPTED	File:Enge indianapolis 2001.jpeg	CC BY 3.0	lead image
Prost JS45	ACCEPTED	File:Prost Mugen Honda JS45.jpg	Public domain	lead image
RAM 01	ACCEPTED	File:RAM 01.jpg	CC BY 2.0	lead image
RAM 03	ACCEPTED	File:1985 European GP Philippe Alliot.jpg	CC BY-SA 2.0	lead image
RB VCARB 01	ACCEPTED	File:Yuki Tsunoda Chinese GP 2024.jpg	CC BY-SA 4.0	lead image
Racing Bulls VCARB 02	ACCEPTED	File:2025 Japan GP - Racing Bulls - Liam Lawson - FP2.jpg	CC BY-SA 4.0	lead image
Racing Bulls VCARB 03	ACCEPTED	File:FIA F1 Austria 2026 Nr. 41 Lindblad (3).jpg	CC BY-SA 4.0	lead image
Racing Point RP19	ACCEPTED	File:FIA F1 Austria 2019 Nr. 18 Stroll 1.jpg	CC BY-SA 4.0	lead image
Racing Point RP20	ACCEPTED	File:Sergio Perez-Racing Point RP 20 (5).jpg	CC BY 3.0	lead image
Red Bull RB10	ACCEPTED	File:Sebastian Vettel 2014 China Race (cropped).jpg	CC BY-SA 2.0	lead image
Red Bull RB11	ACCEPTED	File:Daniel Ricciardo b.jpg	CC BY-SA 4.0	lead image
Red Bull RB12	ACCEPTED	File:Max Verstappen 2016 Malaysia FP2.jpg	CC BY-SA 4.0	lead image
Red Bull RB13	ACCEPTED	File:Daniel Ricciardo 2017 Malaysia FP1.jpg	CC BY-SA 4.0	lead image
Red Bull RB3	ACCEPTED	File:Mark Webber 2007 Malaysia (cropped).jpg	CC BY-SA 2.0	lead image
Red Bull RB4	ACCEPTED	File:David Coulthard - Toro Rosso (4204012255).jpg	CC BY-SA 2.0	lead image
Red Bull RB5	ACCEPTED	File:Vettel Spain 2009.jpg	CC BY 2.0	lead image
Red Bull RB6	ACCEPTED	File:Vettel Bahrain 2010 (cropped).jpg	CC BY 2.0	lead image
Red Bull RB7	ACCEPTED	File:Sebastian Vettel (6195669861).jpg	CC BY-SA 2.0	lead image
Red Bull RB8	ACCEPTED	File:Sebastian Vettel 2012 Malaysia FP1.jpg	CC BY-SA 3.0	lead image
Red Bull RB9	ACCEPTED	File:Sebastian Vettel 2013 Malaysia FP2.jpg	CC BY-SA 3.0	lead image
Red Bull Racing RB14	ACCEPTED	File:FIA F1 Austria 2018 Nr. 33 Verstappen.jpg	CC BY-SA 4.0	lead image
Red Bull Racing RB15	ACCEPTED	File:FIA F1 Austria 2019 Nr. 33 Verstappen 1.jpg	CC BY-SA 4.0	lead image
Red Bull Racing RB16	ACCEPTED	File:Alexander Albon-Red Bull RB16 (4).jpg	CC BY 3.0	lead image
Red Bull Racing RB18	ACCEPTED	File:FIA F1 Austria 2022 Nr. 1 Verstappen (side 2).jpg	CC BY-SA 4.0	lead image
Red Bull Racing RB19	ACCEPTED	File:FIA F1 Austria 2023 Nr. 1 (1).jpg	CC BY-SA 4.0	lead image
Red Bull Racing RB20	ACCEPTED	File:Max Verstappen 2024 Chinese GP.jpg	CC BY-SA 4.0	lead image
Red Bull Racing RB21	ACCEPTED	File:FIA F1 Austria 2025 Nr. 1 Verstappen.jpg	CC BY-SA 4.0	lead image
Renault R.S.16	ACCEPTED	File:Jolyon Palmer 2016 Malaysia FP2 1.jpg	CC BY-SA 4.0	lead image
Renault R.S.17	ACCEPTED	File:Nico Hulkenberg 2017 Malaysia FP2 2.jpg	CC BY-SA 4.0	lead image
Renault R.S.18	ACCEPTED	File:FIA F1 Austria 2018 Nr. 27 Hülkenberg.jpg	CC BY-SA 4.0	lead image
Renault R.S.19	ACCEPTED	File:FIA F1 Austria 2019 Nr. 3 Ricciardo 1.jpg	CC BY-SA 4.0	lead image
Renault R.S.20	ACCEPTED	File:Daniel Ricciardo 2020 Tuscan Grand Prix 2 (cropped).jpg	CC BY-SA 4.0	lead image
Renault R202	ACCEPTED	File:Button Silverstone 2002.jpg	CC BY-SA 2.0	lead image
Renault R23	ACCEPTED	File:Fernando Alonso 2003 Silverstone.jpg	CC BY-SA 2.0	lead image
Renault R24	ACCEPTED	File:Fernando Alonso 2004 Canada.jpg	CC BY-SA 2.0	lead image
Renault R25	ACCEPTED	File:Alonso (Renault) qualifying at USGP 2005.jpg	CC BY-SA 2.0	lead image
Renault R26	ACCEPTED	File:Renault R26 front-left 2017 Museo Fernando Alonso.jpg	CC BY-SA 4.0	lead image
Renault R27	ACCEPTED	File:Heikki Kovalainen 2007 Britain 2.jpg	CC BY 2.0	lead image
Renault R28	ACCEPTED	File:Nelson Piquet 2008 test 3.jpg	CC BY 2.0	lead image
Renault R29	ACCEPTED	File:Alonso 2009 Spain.jpg	CC BY 2.0	lead image
Renault R30	ACCEPTED	File:Kubica Bahrain Grand Prix 2010 (cropped).jpg	CC BY 2.0	lead image
Renault R31	ACCEPTED	File:Vitaly Petrov (6196175970).jpg	CC BY-SA 2.0	lead image
Renault RE20	ACCEPTED	File:Model Réduit arnouxRE20.jpg	CC BY-SA 3.0	lead image
Renault RE30	ACCEPTED	File:René Arnoux 1981 Nederland.jpg	CC BY-SA 3.0 nl	lead image
Renault RE40	ACCEPTED	File:Renault RE 40 1983 Mulhouse FRA 001.JPG	CC BY-SA 3.0	lead image
Renault RE50	ACCEPTED	File:Derek Warwick Renault RE50 1984 Dallas F1.jpg	CC BY-SA 2.0	lead image
Renault RE60	ACCEPTED	File:Renault RE60.jpg	CC BY-SA 2.0	lead image
Renault RS01	ACCEPTED	File:Paris - Retromobile 2013 - Renault F1 RS01 - 1978 - 102.jpg	CC BY-SA 3.0	lead image
Renault RS10	ACCEPTED	File:Renault F1 RS10 L'Atelier Renault.jpg	CC BY-SA 2.0	lead image
Sauber C12	ACCEPTED	File:Karl Wendlinger - Sauber C12 during practice for the 1993 British Grand Prix (33302730550).jpg	CC BY-SA 2.0	lead image
Sauber C13	ACCEPTED	File:Andrea de Cesaris - Sauber C13 at the 1994 British Grand Prix (32418704201).jpg	CC BY-SA 2.0	lead image
Sauber C14	ACCEPTED	File:Jean-Christophe Boullion 1995 Britain.jpg	CC BY-SA 2.0	lead image
Sauber C15	ACCEPTED	File:Heinz-Harald Frentzen 1996 Imola.jpg	CC BY-SA 4.0	lead image
Sauber C16	ACCEPTED	File:Sauber C16 front-right 2017 Hangar-7 1.jpg	CC BY-SA 4.0	lead image
Sauber C17	ACCEPTED	File:Sauber C17.jpg	CC BY-SA 2.0	lead image
Sauber C18	ACCEPTED	File:Jean Alesi 1999 Canada.jpg	CC BY-SA 2.0	lead image
Sauber C19	ACCEPTED	File:Sauber C19 front-left 2017 Hangar-7.jpg	CC BY-SA 4.0	lead image
Sauber C20	ACCEPTED	File:Sauber C20 front-right 2017 Hangar-7.jpg	CC BY-SA 4.0	lead image
Sauber C21	ACCEPTED	File:Sauber C21-2002.jpg	CC BY 4.0	lead image
Sauber C22	ACCEPTED	File:Nick Heidfeld 2003 Silverstone.jpg	CC BY-SA 2.0	lead image
Sauber C23	ACCEPTED	File:Sauber usgp 2004.jpg	CC BY-SA 3.0	lead image
Sauber C24	ACCEPTED	File:Jacques Villeneuve 2005 Canada.jpg	CC BY-SA 2.0	lead image
Sauber C29	ACCEPTED	File:Sauber Bahrain 2010.jpg	CC BY 2.0	lead image
Sauber C30	ACCEPTED	File:Kamui Kobayashi (6195664211).jpg	CC BY-SA 2.0	lead image
Sauber C31	ACCEPTED	File:Sergio Perez 2012 Malaysia FP1.jpg	CC BY-SA 3.0	lead image
Sauber C32	ACCEPTED	File:Nico Hulkenberg 2013 Malaysia FP2.jpg	CC BY-SA 3.0	lead image
Sauber C33	ACCEPTED	File:Adrian Sutil 2014 Singapore FP1.jpg	CC BY-SA 4.0	lead image
Sauber C34	ACCEPTED	File:Raffaele Marciello 2015 Malaysia FP1 1.jpg	CC BY-SA 4.0	lead image
Sauber C35	ACCEPTED	File:Marcus Ericsson 2016 Malaysia FP2 1.jpg	CC BY-SA 4.0	lead image
Sauber C36	ACCEPTED	File:Pascal Wehrlein 2017 Malaysia FP2 2.jpg	CC BY-SA 4.0	lead image
Sauber C37	ACCEPTED	File:FIA F1 Austria 2018 Nr. 9 Ericsson.jpg	CC BY-SA 4.0	lead image
Scuderia Toro Rosso STR13	ACCEPTED	File:FIA F1 Austria 2018 Nr. 10 Gasly.jpg	CC BY-SA 4.0	lead image
Scuderia Toro Rosso STR14	ACCEPTED	File:FIA F1 Austria 2019 Nr. 26 Kvyat 1.jpg	CC BY-SA 4.0	lead image
Shadow DN1	ACCEPTED	File:2017 FIA Masters Historic Formula One Championship, Circuit of the Americas (23970311758).jpg	CC BY-SA 2.0	lead image
Shadow DN11	ACCEPTED	File:1980 Shadow-Cosworth DN11.jpg	CC BY-SA 4.0	lead image
Shadow DN3	ACCEPTED	File:Revson 1974 Race of Champions.jpg	CC BY-SA 2.0	lead image
Shadow DN5	ACCEPTED	File:Tom Pryce 1975 RoC.jpg	CC BY-SA 2.0	lead image
Shadow DN7	ACCEPTED	File:DN7matra.jpg	Public domain	lead image
Shadow DN8	ACCEPTED	File:Shadow DN8 at Barber 01.jpg	CC BY-SA 2.0	lead image
Shadow DN9	ACCEPTED	File:Elio de Angelis - Shadow DN9B at Druids Bend at the 1979 Race of Champions (50140833091).jpg	CC BY-SA 2.0	lead image
Simtek S941	ACCEPTED	File:David Brabham 1994 Silverstone.jpg	CC BY-SA 2.0	lead image
Simtek S951	ACCEPTED	File:Simtek S951 1995.PNG	CC BY-SA 3.0	lead image
Spirit 101	ACCEPTED	File:Spirit 101 at Silverstone Classic 2011.jpg	CC BY 2.0	lead image
Spirit 201	ACCEPTED	File:Spirit201HCH.jpg	Public domain	lead image
Spyker F8-VII	ACCEPTED	File:Adrian Sutil 2007 Brazil free practice.jpg	CC BY-SA 3.0	lead image
Stewart SF01	ACCEPTED	File:Stewart SF01 front-left Donington Grand Prix Collection.jpg	CC BY-SA 3.0	lead image
Stewart SF02	ACCEPTED	File:Stewart SF02 4.jpg	CC BY 2.0	lead image
Stewart SF3	ACCEPTED	File:Rubens Barrichello 1999 Canada.jpg	CC BY-SA 2.0	lead image
Super Aguri SA05	ACCEPTED	File:Super Aguri SA05 Bridgestone Today.jpg	CC BY-SA 3.0	lead image
Super Aguri SA06	ACCEPTED	File:Takuma Sato 2006 Brazil.jpg	CC BY-SA 3.0	lead image
Super Aguri SA07	ACCEPTED	File:Super Aguri SA07 Honda Collection Hall.jpg	CC BY-SA 3.0	lead image
Super Aguri SA08	ACCEPTED	File:Davidson 2008 Malaysia.jpg	CC BY 2.0	lead image
Surtees TS14	ACCEPTED	File:Surtees TS14 at Silverstone Classic 2012 (1).jpg	CC BY 2.0	lead image
Surtees TS16	ACCEPTED	File:Surtees TS16.jpg	CC BY 2.0	lead image
Surtees TS19	ACCEPTED	File:Surtees TS19 2007.jpg	CC BY 2.0	lead image
Surtees TS20	ACCEPTED	File:SurteesTS20BarryBoor.JPG	Attribution	lead image
Surtees TS7	ACCEPTED	File:SurteesTS7BarryBoor.jpg	Attribution	lead image
Surtees TS9	ACCEPTED	File:Surtees TS9B Goodwood 2008.jpg	CC BY 2.0	lead image
Toleman TG181	ACCEPTED	File:Toleman TG181.jpg	CC BY-SA 2.0	lead image
Toleman TG183	ACCEPTED	File:Toleman TG183B left 2012 Autosport International.jpg	CC BY 2.0	lead image
Toleman TG184	ACCEPTED	File:Toleman TG184 front-right 2012 Autosport International.jpg	CC BY 2.0	lead image
Toleman TG185	ACCEPTED	File:1985 European GP Teo Fabi.jpg	CC BY-SA 2.0	lead image
Toro Rosso STR1	ACCEPTED	File:Scott Speed Canada 2006 (crop).PNG	CC BY-SA 2.0	lead image
Toro Rosso STR10	ACCEPTED	File:Carlos Sainz Jr 2015 Malaysia FP3 1.jpg	CC BY-SA 4.0	lead image
Toro Rosso STR11	ACCEPTED	File:Carlos Sainz Jr 2016 Malaysia FP2 1.jpg	CC BY-SA 4.0	lead image
Toro Rosso STR12	ACCEPTED	File:Carlos Sainz Jr 2017 Malaysia FP2 2.jpg	CC BY-SA 4.0	lead image
Toro Rosso STR3	ACCEPTED	File:Toro Rosso STR3 front-left 2017 Hangar-7.jpg	CC BY-SA 4.0	lead image
Toro Rosso STR4	ACCEPTED	File:Bourdais 2009 Spain.jpg	CC BY 2.0	lead image
Toro Rosso STR5	ACCEPTED	File:Toro Rosso STR5 Bahrain 2010 (cropped).jpg	CC BY 2.0	lead image
Toro Rosso STR6	ACCEPTED	File:Jaime Alguersuari (6196188624).jpg	CC BY-SA 2.0	lead image
Toro Rosso STR7	ACCEPTED	File:Jean-Eric Vergne 2012 Malaysia FP1.jpg	CC BY-SA 3.0	lead image
Toro Rosso STR8	ACCEPTED	File:Jean-Eric Vergne 2013 Malaysia FP2.jpg	CC BY-SA 3.0	lead image
Toro Rosso STR9	ACCEPTED	File:Daniil Kvyat 2014 British GP 002 (cropped).jpg	CC BY 2.0	lead image
Toro_Rosso_STR2	ACCEPTED	File:Vitantonio Liuzzi 2007 Britain 2.jpg	CC BY 2.0	lead image
Toyota TF102	ACCEPTED	File:Toyota TF102.jpg	CC BY 2.0	lead image
Toyota TF103	ACCEPTED	File:Olivier Panis 2003 Silverstone.jpg	CC BY-SA 2.0	lead image
Toyota TF104	ACCEPTED	File:Toyota f1 usgp 2004.jpg	CC BY-SA 3.0	lead image
Toyota TF105	ACCEPTED	File:Ralf Schumacher 2005 (cropped).jpg	CC BY-SA 2.0	lead image
Toyota TF106	ACCEPTED	File:Jarno Trulli 2006 Canada.jpg	CC BY-SA 2.0	lead image
Toyota TF107	ACCEPTED	File:Jarno Trulli 2007 USA (cropped).jpg	CC BY 2.0	lead image
Toyota TF108	ACCEPTED	File:Jarno Trulli 2008 Britain 2.jpg	CC BY-SA 2.0	lead image
Toyota TF109	ACCEPTED	File:Trulli Spain 2009.jpg	CC BY 2.0	lead image
Tyrrell 001	ACCEPTED	File:Tyrrell 001 Goodwood 2008.jpg	CC BY 2.0	lead image
Tyrrell 002	ACCEPTED	File:1971 Tyrrell-Cosworth002 Goodwood, 2009.jpg	CC BY-SA 3.0	lead image
Tyrrell 003	ACCEPTED	File:Tyrrell 003.jpg	CC BY 2.0	lead image
Tyrrell 004	ACCEPTED	File:Tyrrell 004 at 2006 Monterey Historic.jpg	CC BY 2.0	lead image
Tyrrell 005	ACCEPTED	File:Tyrrell 005 at 2004 Monterey Historic (1-cropped).jpg	CC BY 2.0	lead image
Tyrrell 006	ACCEPTED	File:Tyrrell 006.jpg	CC BY 2.0	lead image
Tyrrell 007	ACCEPTED	File:Tyrrell 007 Canada 2004.jpg	CC BY-SA 2.0	lead image
Tyrrell 008	ACCEPTED	File:Tyrrell 008 2007.jpg	CC BY 2.0	lead image
Tyrrell 009	ACCEPTED	File:Tyrrell 009 Mont-Tremblant Esses.jpg	CC BY-SA 3.0	lead image
Tyrrell 010	ACCEPTED	File:Eddie Cheever's 1981 Tyrrell-Ford Tyrrell 010 F1 car (14478688039).jpg	CC BY 2.0	lead image
Tyrrell 011	ACCEPTED	File:Michele Alboreto's 1983 Tyrrell-Ford Tyrrell 011 F1 car (14665320865).jpg	CC BY 2.0	lead image
Tyrrell 012	ACCEPTED	File:Tyrrell 012 2019 Silverstone Classic (48557777561).jpg	CC BY 2.0	lead image
Tyrrell 014	ACCEPTED	File:1985 European GP Brundle 02.jpg	CC BY-SA 2.0	lead image
Tyrrell 015	ACCEPTED	File:Tyrrell 015.jpg	CC BY 2.0	lead image
Tyrrell 017	ACCEPTED	File:EMS 2023, Essen (P1160461).jpg	CC BY-SA 4.0	lead image
Tyrrell 018	ACCEPTED	File:Johnny Herbert 1989 Belgian GP.jpg	CC BY 2.0	lead image
Tyrrell 019	ACCEPTED	File:Tyrrell 019 (cropped version).jpg	CC BY-SA 2.0	lead image
Tyrrell 020	ACCEPTED	File:Tyrrell 020 front-left 2012 Japan.jpg	CC BY-SA 3.0	lead image
Tyrrell 021	ACCEPTED	File:Andrea de Cesaris - Tyrrell 021 during practice for the 1993 British Grand Prix (33302878150).jpg	CC BY-SA 2.0	lead image
Tyrrell 022	ACCEPTED	File:Mark Blundell - Tyrrell 022 leaves the pits at the 1994 British Grand Prix (32418592261) (cropped).jpg	CC BY-SA 2.0	lead image
Tyrrell 023	ACCEPTED	File:Ukyo Katayama - Tyrrell 023 leaves the pit lane at the 1995 British GP, Silverstone (49713564301).jpg	CC BY-SA 2.0	lead image
Tyrrell 024	ACCEPTED	File:Tyrrell 024 Mika Salo 1996 German Grand Prix.jpg	CC BY-SA 3.0	lead image
Tyrrell 025	ACCEPTED	File:Tyrrell-025 MC.jpg	CC BY-SA 4.0	lead image
Tyrrell 026	ACCEPTED	File:Takagi 1998 Spanish GP.jpg	CC BY-SA 3.0	lead image
Tyrrell P34	ACCEPTED	File:Rétromobile 2017 - Tyrrell P34 - 1977 - 002.jpg	CC BY-SA 4.0	lead image
Virgin MVR-02	ACCEPTED	File:Jerome d'Ambrosio (6147965715).jpg	CC BY-SA 2.0	lead image
Virgin VR-01	ACCEPTED	File:Virgin Bahrain 2010 (cropped).jpg	CC BY 2.0	lead image
Williams FW06	ACCEPTED	File:Williams FW06 front Donington Grand Prix Collection.jpg	CC BY-SA 3.0	lead image
Williams FW07	ACCEPTED	File:Williams FW07C, Peter Sowerby, GB (17.06.2007).jpg	CC BY-SA 2.0 de	lead image
Williams FW08	ACCEPTED	File:Williams FW08.jpg	CC BY 4.0	lead image
Williams FW09	ACCEPTED	File:Williams FW09 Honda Collection Hall.jpg	CC BY-SA 3.0	lead image
Williams FW10	ACCEPTED	File:Mansell - Williams 1985.jpg	CC BY-SA 2.0 de	lead image
Williams FW11	ACCEPTED	File:Williams FW11 Honda Collection Hall.jpg	CC BY-SA 3.0	lead image
Williams FW12	ACCEPTED	File:Williams FW12B (Mansell) front-left 2017 Williams Conference Centre.jpg	CC BY-SA 4.0	lead image
Williams FW13	ACCEPTED	File:Williams FW13 front-left 2017 Williams Conference Centre.jpg	CC BY-SA 4.0	lead image
Williams FW14	ACCEPTED	File:Williams FW14B.jpg	CC BY-SA 2.0	lead image
Williams FW15C	ACCEPTED	File:Williams FW15C front-left 2017 Williams Conference Centre.jpg	CC BY-SA 4.0	lead image
Williams FW16	ACCEPTED	File:Damon Hill - Williams FW16 at the 1994 British Grand Prix (32541472155).jpg	CC BY-SA 2.0	lead image
Williams FW17	ACCEPTED	File:Williams FW17 front-right 2017 Williams Conference Centre.jpg	CC BY-SA 4.0	lead image
Williams FW18	ACCEPTED	File:1996 Williams-Renault FW cropped.jpg	Public domain	lead image
Williams FW19	ACCEPTED	File:Williams FW19 front-left 2017 Williams Conference Centre 2.jpg	CC BY-SA 4.0	lead image
Williams FW20	ACCEPTED	File:Williams FW20 front-right 2017 Williams Conference Centre 2.jpg	CC BY-SA 4.0	lead image
Williams FW21	ACCEPTED	File:Williams FW21.png	CC BY 4.0	lead image
Williams FW22	ACCEPTED	File:Williams FW22 front-left 2017 Williams Conference Centre.jpg	CC BY-SA 4.0	lead image
Williams FW23	ACCEPTED	File:Ralf Schumacher 2001 Canada.jpg	CC BY-SA 2.0	lead image
Williams FW24	ACCEPTED	File:Williams FW24.jpg	CC BY 2.0	lead image
Williams FW25	ACCEPTED	File:Ralf Schumacher 2003 Silverstone.jpg	CC BY-SA 2.0	lead image
Williams FW26	ACCEPTED	File:Montoya 2004 Canada.jpg	CC BY 2.0	lead image
Williams FW27	ACCEPTED	File:Nick Heidfeld Canadian Grand Prix 2005.jpg	CC BY-SA 2.0	lead image
Williams FW28	ACCEPTED	File:Nico Rosberg 2006 Canada 2.jpg	CC BY-SA 2.0	lead image
Williams FW29	ACCEPTED	File:Nico Rosberg 2007 Britain.jpg	CC BY 2.0	lead image
Williams FW30	ACCEPTED	File:Kazuki Nakajima 2008 Britain.jpg	CC BY-SA 2.0	lead image
Williams FW31	ACCEPTED	File:Nakajima 2009 Spain.jpg	CC BY 2.0	lead image
Williams FW32	ACCEPTED	File:Barrichello Malaysian GP 2010 (cropped).jpg	CC BY 2.0	lead image
Williams FW33	ACCEPTED	File:Rubens Barrichello (6196180836).jpg	CC BY-SA 2.0	lead image
Williams FW34	ACCEPTED	File:Pastor Maldonado 2012 Malaysia FP1.jpg	CC BY-SA 3.0	lead image
Williams FW35	ACCEPTED	File:Pastor Maldonado 2013 Malaysia FP2 1.jpg	CC BY-SA 3.0	lead image
Williams FW36	ACCEPTED	File:Felipe Massa 2014 Singapore FP1.jpg	CC BY-SA 4.0	lead image
Williams FW37	ACCEPTED	File:Felipe Massa 2015 Malaysia FP3.jpg	CC BY-SA 4.0	lead image
Williams FW38	ACCEPTED	File:Felipe Massa 2016 Malaysia FP2.jpg	CC BY-SA 4.0	lead image
Williams FW40	ACCEPTED	File:Felipe Massa 2017 Malaysia FP2 2.jpg	CC BY-SA 4.0	lead image
Williams FW41	ACCEPTED	File:FIA F1 Austria 2018 Nr. 18 Stroll.jpg	CC BY-SA 4.0	lead image
Williams FW42	ACCEPTED	File:FIA F1 Austria 2019 Nr. 88 Kubica 1.jpg	CC BY-SA 4.0	lead image
Williams FW43	ACCEPTED	File:George Russell 2020 Tuscan Grand Prix - race day.jpg	CC BY-SA 4.0	lead image
Williams FW44	ACCEPTED	File:FIA F1 Austria 2022 Nr. 23 Albon.jpg	CC BY-SA 4.0	lead image
Williams FW45	ACCEPTED	File:FIA F1 Austria 2023 Nr. 23 (2).jpg	CC BY-SA 4.0	lead image
Williams FW46	ACCEPTED	File:FIA F1 Austria 2024 Nr. 23 Albon.jpg	CC BY-SA 4.0	lead image
Williams FW47	ACCEPTED	File:2025 Japan GP - Williams - Carlos Sainz - FP1.jpg	CC BY-SA 4.0	lead image
Williams FW48	ACCEPTED	File:FIA F1 Austria 2026 Nr. 23 Albon (3).jpg	CC BY-SA 4.0	lead image
Wolf WR1	ACCEPTED	File:Wolf WR1 at Barber 01.jpg	CC BY-SA 2.0	lead image
Wolf WR5	ACCEPTED	File:Wolf WR6 Mont-Tremblant Scheckter.jpg	CC BY-SA 3.0	lead image
Wolf WR7	ACCEPTED	File:Keke Rosberg 1979 Imola.jpg	CC BY-SA 2.0	lead image
Zakspeed 841	ACCEPTED	File:Zakspeed 841 Dr. Jonathan Palmer.jpg	CC BY-SA 2.0 de	lead image
Zakspeed 861	ACCEPTED	File:Zakspeed-861-f1-1986.png	CC BY-SA 4.0	lead image
Zakspeed 871	ACCEPTED	File:Zakspeed 871.JPG	CC BY-SA 3.0	body image
Zakspeed 891	ACCEPTED	File:Zakspeed-Yamaha 891 1989 Formula1 Bernd Schneider East Racing LSideFrontt SATM 05June2013 (14600643865).jpg	CC BY 2.0	lead image
