# Generated by tools/wikispec_fetch.py on 2026-09-05.
# chassis_id|reason|detail — every chassis not written to car_specs.txt, and why.
adams|no racing-car infobox|Adams
adams|name disagrees|Ansel Adams is not a form of Adams
adams|name disagrees|Ryan Adams is not a form of Adams
afm-6|no article|tried AFM 6
afm-8|name disagrees|AFM Records is not a form of AFM 8
afm-8|name disagrees|AFm phases is not a form of AFM 8
afm-8|name disagrees|AGM-88 HARM is not a form of AFM 8
ags-jh21c|infobox names no constructor|AGS JH21C
ags-jh23|folded into AGS JH23|shares the article
ags-jh25|folded into AGS JH25B|shares the article
ags-jh27|name disagrees|AGS JH22 is not a form of AGS JH27
ags-jh27|name disagrees|AGS JH23 is not a form of AGS JH27
ags-jh27|name disagrees|AGS JH15 is not a form of AGS JH27
alfa-romeo-159|no racing-car infobox|Alfa Romeo 159
alfa-romeo-159|no racing-car infobox|Alfa Romeo
alfa-romeo-159|name disagrees|Alfa Romeo 158/159 Alfetta is not a form of Alfa Romeo 159
alfa-romeo-159|name disagrees|Alfa Romeo 105/115 Series Coupés is not a form of Alfa Romeo 159
alfa-romeo-179b|years disagree|Alfa Romeo 179: page debut [1979], F1DB entered 1981-1981
alfa-romeo-179c|years disagree|Alfa Romeo 179: page debut [1979], F1DB entered 1981-1981
alfa-romeo-179d|years disagree|Alfa Romeo 179: page debut [1979], F1DB entered 1981-1982
alfa-romeo-182|folded into Alfa Romeo 182|shares the article
alfa-romeo-184t|folded into Alfa Romeo 184T|shares the article
alfa-romeo-c38|name disagrees|Alfa Romeo Racing C38 is not a form of Alfa Romeo C38
alfa-romeo-c38|no racing-car infobox|Alfa Romeo
alfa-romeo-c38|name disagrees|Alfa Romeo 33 Stradale is not a form of Alfa Romeo C38
alfa-romeo-c38|name disagrees|Alfa Romeo 8C is not a form of Alfa Romeo C38
alfa-romeo-c39|name disagrees|Alfa Romeo Racing C39 is not a form of Alfa Romeo C39
alfa-romeo-c39|no racing-car infobox|Alfa Romeo
alfa-romeo-c41|name disagrees|Alfa Romeo Racing C41 is not a form of Alfa Romeo C41
alfa-romeo-c41|no racing-car infobox|Alfa Romeo
alfa-special-special|name disagrees|Peter de Klerk is not a form of Alfa Special Special
alpine-a524|infobox names no constructor|Alpine A524
alpine-a525|infobox names no constructor|Alpine A525
alta-f2|name disagrees|Alta Car and Engineering Company is not a form of Alta F2
alta-f2|name disagrees|Alta California is not a form of Alta F2
alta-f2|name disagrees|Altaf Hussain (Pakistani politician) is not a form of Alta F2
alta-gp|name disagrees|Alta Car and Engineering Company is not a form of Alta GP
alta-gp|name disagrees|Alta California is not a form of Alta GP
alta-gp|name disagrees|Alta Municipality is not a form of Alta GP
amon-af101|name disagrees|Chris Amon Racing is not a form of Amon AF101
andrea-moda-c4b|name disagrees|Coloni C4 is not a form of Andrea Moda C4B
andrea-moda-c4b|no racing-car infobox|Andrea Moda
apollon-fly|name disagrees|Apollon (Formula One) is not a form of Apollon Fly
arrows-a10b|weight_kg dropped|Arrows A10: 540.0 is the 1988 regulation minimum, not a measurement
arrows-a10|folded into Arrows A10|shares the article
arrows-a11|folded into Arrows A11|shares the article
arrows-a4|weight_kg dropped|Arrows A4: 580.0 is the 1982 regulation minimum, not a measurement
arrows-a8|weight_kg dropped|Arrows A8: 540.0 is the 1985 regulation minimum, not a measurement
arrows-a9|weight_kg dropped|Arrows A9: 540.0 is the 1986 regulation minimum, not a measurement
arzani-volpini-f1|no racing-car infobox|Arzani-Volpini
aston-butterworth-nb41|no racing-car infobox|Aston Butterworth
aston-butterworth-nb42|no racing-car infobox|Aston Butterworth
aston-martin-amr23|infobox names no constructor|Aston Martin AMR23
aston-martin-amr24|infobox names no constructor|Aston Martin AMR24
aston-martin-amr25|infobox names no constructor|Aston Martin AMR25
aston-martin-amr26|infobox names no constructor|Aston Martin AMR26
ats-100|name disagrees|Automobili Turismo e Sport is not a form of ATS 100
ats-100|name disagrees|ATP 500 tournaments is not a form of ATS 100
ats-100|name disagrees|ATA 100 is not a form of ATS 100
ats-wheels-d3|name disagrees|ATS (programming language) is not a form of ATS D3
ats-wheels-d3|name disagrees|ATSC 3.0 is not a form of ATS D3
ats-wheels-d3|name disagrees|Ats Purje is not a form of ATS D3
ats-wheels-d4|name disagrees|ATS Wheels is not a form of ATS D4
ats-wheels-d4|name disagrees|ATS (programming language) is not a form of ATS D4
ats-wheels-d4|name disagrees|Ats Purje is not a form of ATS D4
ats-wheels-d6|weight_kg dropped|ATS D6: 540.0 is the 1983 regulation minimum, not a measurement
ats-wheels-hgs1|name disagrees|ATS D5 is not a form of ATS HGS1
ats-wheels-hgs1|name disagrees|ATS HS1 is not a form of ATS HGS1
ats-wheels-hgs1|name disagrees|ASHG Scientific Achievement Award is not a form of ATS HGS1
audi-r26|infobox names no constructor|Audi R26
balsa-special|name disagrees|Bars (special unit) is not a form of Balsa Spécial
balsa-special|name disagrees|Basra Specialized Football School is not a form of Balsa Spécial
bar-007|folded into BAR 006|shares the article
behra-porsche-rsk|no article|tried Behra-Porsche RSK
bellasi-f1-70|no racing-car infobox|Bellasi
benetton-b189|folded into Benetton B189|shares the article
benetton-b190|folded into Benetton B190|shares the article
benetton-b191|folded into Benetton B191|shares the article
benetton-b193|folded into Benetton B193|shares the article
bmw-269|infobox is not a Formula One car|BMW 269 (category: Formula 2)
boro-001|name disagrees|Boro (Formula One) is not a form of Boro 001
boro-001|name disagrees|BAR 01 is not a form of Boro 001
boro-001|name disagrees|Boron-11 nuclear magnetic resonance spectroscopy is not a form of Boro 001
brabham-bt16|name disagrees|List of Brabham racing cars is not a form of Brabham BT16
brabham-bt16|name disagrees|Brabham BT46 is not a form of Brabham BT16
brabham-bt16|name disagrees|Brabham BT49 is not a form of Brabham BT16
brabham-bt18|infobox is not a Formula One car|Brabham BT18 (category: Formula 2; Formula 3)
brabham-bt22|name disagrees|List of Brabham racing cars is not a form of Brabham BT22
brabham-bt22|name disagrees|Brabham BT46 is not a form of Brabham BT22
brabham-bt22|name disagrees|Brabham BT49 is not a form of Brabham BT22
brabham-bt23b|name disagrees|Brabham BT46 is not a form of Brabham BT23B
brabham-bt23b|name disagrees|Brabham BT49 is not a form of Brabham BT23B
brabham-bt23b|name disagrees|Brabham BT43 is not a form of Brabham BT23B
brabham-bt23c|no racing-car infobox|Brabham BT23
brabham-bt23c|no racing-car infobox|Brabham BT23
brabham-bt23c|name disagrees|Brabham BT46 is not a form of Brabham BT23C
brabham-bt23c|name disagrees|Brabham BT49 is not a form of Brabham BT23C
brabham-bt23|no racing-car infobox|Brabham BT23
brabham-bt23|name disagrees|List of Brabham racing cars is not a form of Brabham BT23
brabham-bt23|name disagrees|Brabham BT46 is not a form of Brabham BT23
brabham-bt26|folded into Brabham BT26|shares the article
brabham-bt30|no racing-car infobox|Brabham BT30
brabham-bt30|name disagrees|Brabham BT46 is not a form of Brabham BT30
brabham-bt30|name disagrees|Brabham BT49 is not a form of Brabham BT30
brabham-bt33|name disagrees|List of Brabham racing cars is not a form of Brabham BT33
brabham-bt34|weight_kg dropped|Brabham BT34: 550.0 is the 1972 regulation minimum, not a measurement
brabham-bt42|infobox names no constructor|Brabham BT42
brabham-bt44|folded into Brabham BT44|shares the article
brabham-bt45c|years disagree|Brabham BT45: page debut [1976], F1DB entered 1978-1978
brabham-bt45|folded into Brabham BT45|shares the article
brabham-bt46c|folded into Brabham BT46|shares the article
brabham-bt46|folded into Brabham BT46|shares the article
brabham-bt49c|years disagree|Brabham BT49: page debut [1979], F1DB entered 1981-1982
brabham-bt49d|years disagree|Brabham BT49: page debut [1979], F1DB entered 1982-1982
brabham-bt52b|weight_kg dropped|Brabham BT52: 540.0 is the 1983 regulation minimum, not a measurement
brabham-bt52|weight_kg dropped|Brabham BT52: 540.0 is the 1983 regulation minimum, not a measurement
brabham-bt52|folded into Brabham BT52|shares the article
brabham-bt54|weight_kg dropped|Brabham BT54: 540.0 is the 1985 regulation minimum, not a measurement
brabham-bt59|folded into Brabham BT59|shares the article
brabham-bt60y|folded into Brabham BT60|shares the article
brabham-bt6|name disagrees|List of Brabham racing cars is not a form of Brabham BT6
brm-p153|infobox names no constructor|BRM P153
brm-p15|name disagrees|BRM Type 15 is not a form of BRM P15
brm-p160b|no article|tried BRM P160B
brm-p160c|no article|tried BRM P160C
brm-p160d|no article|tried BRM P160D
brm-p160e|no article|tried BRM P160E
brm-p180|weight_kg dropped|BRM P180: 550.0 is the 1972 regulation minimum, not a measurement
brm-p201b|years disagree|BRM P201: page debut [1974], F1DB entered 1976-1977
brm-p48-57|name disagrees|BRM P57 is not a form of BRM P48/57
brm-p48|folded into BRM P48|shares the article
bromme|no racing-car infobox|Bromme
bromme|no racing-car infobox|Brommella
bromme|name disagrees|Ursula Brömme is not a form of Bromme
brp-mk-1|name disagrees|British Racing Partnership is not a form of BRP Mk 1
brp-mk-1|name disagrees|BRP Miguel Malvar (PS-19) is not a form of BRP Mk 1
brp-mk-1|name disagrees|BRP Magat Salamat is not a form of BRP Mk 1
brp-mk-2|no article|tried BRP Mk 2, BRP Mk
bugatti-t251|no article|tried Bugatti T251
cadillac-ca01|name disagrees|Cadillac MAC-26 is not a form of Cadillac CA01
cadillac-ca01|name disagrees|Cadillac Catera is not a form of Cadillac CA01
cadillac-ca01|name disagrees|Cadillac Calais is not a form of Cadillac CA01
caterham-ct03|weight_kg dropped|Caterham CT03: 642.0 is the 2013 regulation minimum, not a measurement
christensen|no racing-car infobox|Christensen
cisitalia-d46|no racing-car infobox|Cisitalia
coloni-c3c|folded into Coloni C3|shares the article
coloni-c3|folded into Coloni C3|shares the article
coloni-fc187|no article|tried Coloni FC187
coloni-fc188b|no article|tried Coloni FC188B
coloni-fc188|no article|tried Coloni FC188
connaught-a|name disagrees|Connaught Type A is not a form of Connaught A
connaught-b|name disagrees|Connaught Type B is not a form of Connaught B
connaught-b|no racing-car infobox|Connaught Bridge
connaught-b|no racing-car infobox|Connaught Bridge Power Station
connaught-c|name disagrees|Connaught Type C is not a form of Connaught C
connaught-c|no racing-car infobox|Connaught Cadet Training Centre
connaught-c|name disagrees|2003 Connaught Creek Valley avalanche is not a form of Connaught C
connew-pc1|no racing-car infobox|Connew
connew-pc1|name disagrees|Paul Connew is not a form of Connew PC1
cooper-special|no article|tried Cooper Special
cooper-t12|name disagrees|Cooper Mark IV is not a form of Cooper T12
cooper-t20|name disagrees|Cooper-Bristol is not a form of Cooper T20
cooper-t24|no racing-car infobox|Cooper T24
cooper-t40|name disagrees|Cooper Car Company is not a form of Cooper T40
cooper-t41|name disagrees|Owen Maddock is not a form of Cooper T41
cooper-t43|no racing-car infobox|Cooper T43
cooper-t44|name disagrees|Cooper T43 is not a form of Cooper T44
cooper-t59|no racing-car infobox|Cooper T59
cooper-t59|name disagrees|Cooper Tomlinson is not a form of Cooper T59
cooper-t59|name disagrees|Cooper Tire & Rubber Company is not a form of Cooper T59
cooper-t71-73|no racing-car infobox|Cooper T71
cooper-t71-73|name disagrees|Cooper T73 is not a form of Cooper T71/73
cooper-t71-73|name disagrees|Cooper T77 is not a form of Cooper T71/73
cooper-t79|name disagrees|Cooper Car Company is not a form of Cooper T79
cooper-t79|name disagrees|Cooper Tomlinson is not a form of Cooper T79
cooper-t79|name disagrees|Cooper Tire & Rubber Company is not a form of Cooper T79
cooper-t81|folded into Cooper T81|shares the article
cooper-t82|name disagrees|Cooper Tomlinson is not a form of Cooper T82
cooper-t82|name disagrees|Cooper Tire & Rubber Company is not a form of Cooper T82
cooper-t82|name disagrees|The Cooper Temple Clause is not a form of Cooper T82
cooper-t86|folded into Cooper T86|shares the article
de-tomaso-801|no racing-car infobox|De Tomaso
de-tomaso-801|no racing-car infobox|De Tomaso
de-tomaso-801|name disagrees|De Tomaso 505/38 is not a form of De Tomaso 801
de-tomaso-801|name disagrees|De Tomaso Sport 5000 is not a form of De Tomaso 801
de-tomaso-f1-001|no racing-car infobox|De Tomaso
de-tomaso-f1-001|no racing-car infobox|De Tomaso
de-tomaso-f1-002|no racing-car infobox|De Tomaso
de-tomaso-f1-002|no racing-car infobox|De Tomaso
de-tomaso-f1-003|no racing-car infobox|De Tomaso
de-tomaso-f1-003|no racing-car infobox|De Tomaso
de-tomaso-f1-004|no racing-car infobox|De Tomaso
de-tomaso-f1-004|no racing-car infobox|De Tomaso
deidt-tuffanelli-derrico|no article|tried Deidt Tuffanelli Derrico, Deidt Tuffanelli
del-roy|name disagrees|Frank DelRoy is not a form of Del Roy
del-roy|no racing-car infobox|Delroy Lindo
del-roy|no racing-car infobox|Delroy Grant
derrington-francis-df|no racing-car infobox|Derrington-Francis
dunn|no racing-car infobox|Dunn
dunn|no racing-car infobox|Dunning–Kruger effect
dunn|name disagrees|Irene Dunne is not a form of Dunn
eagle-mk-1|no article|tried Eagle Mk 1, Eagle Mk
eagle-t1f|name disagrees|Eagle Mk1 is not a form of Eagle T1F
eagle-t1g|name disagrees|Eagle Mk1 is not a form of Eagle T1G
eagle-t1g|name disagrees|Eagle Fighting Championship is not a form of Eagle T1G
eagle-t1g|name disagrees|Eagle Talon is not a form of Eagle T1G
eifelland-21|no racing-car infobox|Eifelland
elder|no racing-car infobox|Elder
emeryson-56|no racing-car infobox|Emeryson
emeryson-56|name disagrees|Sonya Emery is not a form of Emeryson 56
emeryson-61|no article|tried Emeryson 61
emw-r2|name disagrees|Emo rap is not a form of EMW R2
emw-r2|name disagrees|Emo revival is not a form of EMW R2
emw-r2|name disagrees|EM-2 rifle is not a form of EMW R2
enb-f1|no article|tried ENB F1
ensign-n173|name disagrees|Ensign Racing is not a form of Ensign N173
ensign-n174|name disagrees|Ensign Racing is not a form of Ensign N174
ensign-n175|name disagrees|Ensign Racing is not a form of Ensign N175
ensign-n176|name disagrees|Ensign Racing is not a form of Ensign N176
ensign-n177|name disagrees|Ensign Racing is not a form of Ensign N177
ensign-n180b|name disagrees|Ensign Racing is not a form of Ensign N180B
ensign-n180|name disagrees|Ensign Racing is not a form of Ensign N180
ensign-n180|name disagrees|Ensign N179 is not a form of Ensign N180
ensign-n181|name disagrees|Ensign Racing is not a form of Ensign N181
ensign-n181|name disagrees|Ensign N179 is not a form of Ensign N181
epperly-indy-roadster|no article|tried Epperly Indy Roadster, Epperly Indy
era-a|name disagrees|English Racing Automobiles is not a form of ERA A
era-a|no racing-car infobox|Era Aviation
era-a|no racing-car infobox|ERA APAC Centre
era-b|name disagrees|English Racing Automobiles is not a form of ERA B
era-b|no racing-car infobox|Era Bell Thompson
era-b|no racing-car infobox|Era Baru
era-e|name disagrees|English Racing Automobiles is not a form of ERA E
era-e|no racing-car infobox|Era Extraña
era-e|name disagrees|European Renal Association is not a form of ERA E
era-g|name disagrees|English Racing Automobiles is not a form of ERA G
eurobrun-er188|folded into EuroBrun ER188|shares the article
eurobrun-er189b|infobox is not a Formula One car|EuroBrun ER189B (category: absent)
ewing|no racing-car infobox|Ewing
ewing|name disagrees|Patrick Ewing is not a form of Ewing
ewing|no racing-car infobox|Ewing Township, New Jersey
ferrari-125|no racing-car infobox|Ferrari 125
ferrari-125|no racing-car infobox|Ferrari 125 S
ferrari-125|years disagree|Ferrari 125 F1: page debut [1948], F1DB entered 1950-1952
ferrari-126c2|folded into Ferrari 126C|shares the article
ferrari-126c3|folded into Ferrari 126C|shares the article
ferrari-126c4|folded into Ferrari 126C|shares the article
ferrari-126ck|folded into Ferrari 126C|shares the article
ferrari-1512|name disagrees|Ferrari 158 is not a form of Ferrari 1512
ferrari-166s|no racing-car infobox|Ferrari 166 S
ferrari-166|no racing-car infobox|Ferrari 166
ferrari-212|no racing-car infobox|Ferrari 212
ferrari-246|name disagrees|Dino (marque) is not a form of Ferrari 246
ferrari-275|no racing-car infobox|Ferrari 275
ferrari-312-67-68|no article|tried Ferrari 312/67/68, Ferrari 312/67
ferrari-312-67|folded into Ferrari 312|shares the article
ferrari-312-68|years disagree|Ferrari 312: page debut [1966], F1DB entered 1968-1969
ferrari-312-69|years disagree|Ferrari 312: page debut [1966], F1DB entered 1969-1969
ferrari-312b3-74|folded into Ferrari 312B|shares the article
ferrari-312b3|folded into Ferrari 312B|shares the article
ferrari-312b|folded into Ferrari 312B|shares the article
ferrari-312t2|folded into Ferrari 312T|shares the article
ferrari-312t3|folded into Ferrari 312T|shares the article
ferrari-312t4b|folded into Ferrari 312T|shares the article
ferrari-312t4|folded into Ferrari 312T|shares the article
ferrari-312t5|folded into Ferrari 312T|shares the article
ferrari-312t|folded into Ferrari 312T|shares the article
ferrari-375s|name disagrees|Ferrari F355 is not a form of Ferrari 375S
ferrari-375s|name disagrees|Ferrari 575M Maranello is not a form of Ferrari 375S
ferrari-375s|name disagrees|Ferrari 275 is not a form of Ferrari 375S
ferrari-412t1|folded into Ferrari 412 T1|shares the article
ferrari-500|name disagrees|Ferrari Tipo 500 is not a form of Ferrari 500
ferrari-500|no racing-car infobox|Ferrari 500 Superfast
ferrari-500|name disagrees|Ferrari Monza is not a form of Ferrari 500
ferrari-555|name disagrees|Ferrari 553 is not a form of Ferrari 555
ferrari-625|no racing-car infobox|Ferrari 625
ferrari-642|folded into Ferrari 642|shares the article
ferrari-801|name disagrees|Lancia D50 is not a form of Ferrari 801
ferrari-801|name disagrees|Ferrari 812 Superfast is not a form of Ferrari 801
ferrari-801|name disagrees|Ferrari F12 is not a form of Ferrari 801
ferrari-f1-87-88c|weight_kg dropped|Ferrari F1/87: 540.0 is the 1988 regulation minimum, not a measurement
ferrari-f1-87|folded into Ferrari F1/87|shares the article
ferrari-f138|weight_kg dropped|Ferrari F138: 642.0 is the 2013 regulation minimum, not a measurement
ferrari-f2001|folded into Ferrari F2001|shares the article
ferrari-f2002|folded into Ferrari F2002|shares the article
ferrari-f2004|weight_kg dropped|Ferrari F2004: 605.0 is the 2004 regulation minimum, not a measurement
ferrari-f2004|folded into Ferrari F2004|shares the article
ferrari-f310|folded into Ferrari F310|shares the article
ferrari-f92a|folded into Ferrari F92A|shares the article
ferrari-sf-25|weight_kg dropped|Ferrari SF-25: 800.0 is the 2025 regulation minimum, not a measurement
ferrari-sf70h|weight_kg dropped|Ferrari SF70H: 728.0 is the 2017 regulation minimum, not a measurement
first-f189|no article|tried FIRST F189
fittipaldi-f5|folded into Fittipaldi F5|shares the article
fittipaldi-f6|folded into Fittipaldi F6|shares the article
fittipaldi-f7|name disagrees|Wolf WR7 is not a form of Fittipaldi F7
fittipaldi-f8c|name disagrees|Fittipaldi Automotive is not a form of Fittipaldi F8C
fittipaldi-f8d|name disagrees|Fittipaldi Automotive is not a form of Fittipaldi F8D
fittipaldi-f8|name disagrees|Fittipaldi Automotive is not a form of Fittipaldi F8
fittipaldi-f9|name disagrees|Fittipaldi Automotive is not a form of Fittipaldi F9
fittipaldi-fd02|folded into Fittipaldi FD|shares the article
fittipaldi-fd03|folded into Fittipaldi FD|shares the article
fittipaldi-fd04|folded into Fittipaldi FD|shares the article
fondmetal-fa1m-e|no article|tried Fondmetal FA1M-E, Fondmetal FA1M
fondmetal-fomet-1|no article|tried Fondmetal Fomet-1, Fondmetal Fomet
footwork-a11c|name disagrees|Arrows A11 is not a form of Footwork A11C
footwork-fa12|folded into Footwork FA12|shares the article
footwork-fa13b|infobox names no constructor|Footwork FA13
footwork-fa13|infobox names no constructor|Footwork FA13
footwork-fa14|infobox names no constructor|Footwork FA14
footwork-fa15|infobox names no constructor|Footwork FA15
force-india-vjm01|name disagrees|Spyker F8-VII is not a form of Force India VJM01
force-india-vjm01|no racing-car infobox|Force India
force-india-vjm01|name disagrees|Force India VJM04 is not a form of Force India VJM01
force-india-vjm01|name disagrees|Force India VJM02 is not a form of Force India VJM01
force-india-vjm06|weight_kg dropped|Force India VJM06: 642.0 is the 2013 regulation minimum, not a measurement
force-india-vjm08b|no racing-car infobox|Force India
force-india-vjm08b|name disagrees|Force India VJM04 is not a form of Force India VJM08B
force-india-vjm08b|name disagrees|Force India VJM02 is not a form of Force India VJM08B
force-india-vjm08|folded into Force India VJM08|shares the article
forti-fg01|folded into Forti FG01|shares the article
frank-williams-racing-cars-fw04|constructor disagrees|Williams FW04: page says 'williams wolf williams mcguire', F1DB says ['frank williams']
frank-williams-racing-cars-fw|constructor disagrees|Williams FW: page says 'iso marlboro williams', F1DB says ['frank williams']
frazer-nash-421|no article|tried Frazer-Nash 421
frazer-nash-fn48|no article|tried Frazer-Nash FN48
fry-f2|no article|tried Fry F2
gilby-61|no article|tried Gilby 61
gilby-62|no article|tried Gilby 62
gordini-t15|name disagrees|Simca-Gordini T15 is not a form of Gordini T15
gordini-t15|infobox is not a Formula One car|Gordini T15S (category: Sports car)
gordini-t16s|name disagrees|Gordini T15S is not a form of Gordini T16S
gordini-t16|folded into Gordini T16|shares the article
greifzu|name disagrees|Paul Greifzu is not a form of Greifzu
greifzu|name disagrees|Paul Greifzu is not a form of Greifzu
greifzu|name disagrees|Greifswald is not a form of Greifzu
greifzu|name disagrees|Stephen Greif is not a form of Greifzu
haas-vf-17|weight_kg dropped|Haas VF-17: 728.0 is the 2017 regulation minimum, not a measurement
haas-vf-23|infobox names no constructor|Haas VF-23
haas-vf-25|weight_kg dropped|Haas VF-25: 800.0 is the 2025 regulation minimum, not a measurement
haas-vf-26|wheelbase_mm dropped|Haas VF-26: 3400.0 is the 2026 regulation maximum, not a measurement
hall|no racing-car infobox|Hall
hall|no racing-car infobox|Halloween
hall|no racing-car infobox|Halley's Comet
heck|no racing-car infobox|Heck
hesketh-308b|no racing-car infobox|Hesketh 308
hesketh-308b|no racing-car infobox|Hesketh 308
hesketh-308b|name disagrees|Hesketh 308C is not a form of Hesketh 308B
hesketh-308b|name disagrees|Hesketh 308E is not a form of Hesketh 308B
hesketh-308d|no racing-car infobox|Hesketh 308D
hesketh-308|no racing-car infobox|Hesketh 308
hesketh-308|folded into Hesketh 308C|shares the article
hrt-f110|name disagrees|Hispania F110 is not a form of HRT F110
hrt-f110|name disagrees|HRT F112 is not a form of HRT F110
hrt-f110|name disagrees|HR 5110 is not a form of HRT F110
hrt-f111|name disagrees|Hispania F111 is not a form of HRT F111
hwm-52|name disagrees|HTML5 is not a form of HWM 52
hwm-52|name disagrees|Him (2025 film) is not a form of HWM 52
hwm-52|name disagrees|HGM-25A Titan I is not a form of HWM 52
hwm-53|name disagrees|HTML5 is not a form of HWM 53
hwm-53|name disagrees|Hwy 55 Burgers Shakes & Fries is not a form of HWM 53
hwm-53|name disagrees|HD 53680, HD 53705, and HD 53706 is not a form of HWM 53
iso-marlboro-fw|name disagrees|Williams FW is not a form of Iso-Marlboro FW
iso-marlboro-fx3b|name disagrees|Frank Williams Racing Cars is not a form of Iso-Marlboro FX3B
iso-marlboro-ir|name disagrees|Williams FW is not a form of Iso-Marlboro IR
iso-marlboro-ir|name disagrees|Frank Williams Racing Cars is not a form of Iso-Marlboro IR
jaguar-r3b|no article|tried Jaguar R3B
jaguar-r5b|name disagrees|Jaguar Racing is not a form of Jaguar R5B
jaguar-r5b|name disagrees|Jaguar R and SVR models is not a form of Jaguar R5B
jaguar-r5b|name disagrees|Jaguar (band) is not a form of Jaguar R5B
jbw-59|no article|tried JBW 59
jordan-ej10|folded into Jordan EJ10|shares the article
jordan-ej15|folded into Jordan EJ15|shares the article
kauhsen-wk|name disagrees|Willi Kauhsen is not a form of Kauhsen WK
kauhsen-wk|no racing-car infobox|Kauhsen
kick-sauber-c44|weight_kg dropped|Kick Sauber C44: 798.0 is the 2024 regulation minimum, not a measurement
kick-sauber-c45|weight_kg dropped|Kick Sauber C45: 800.0 is the 2025 regulation minimum, not a measurement
klenk-meteor|name disagrees|Georges Klenklé is not a form of Klenk Meteor
kojima-ke007|name disagrees|Kojima Engineering is not a form of Kojima KE007
kojima-ke009|name disagrees|Kojima Engineering is not a form of Kojima KE009
krakau|no racing-car infobox|Krakau
krakau|name disagrees|Jon Krakauer is not a form of Krakau
krakau|name disagrees|Kraków Ghetto is not a form of Krakau
kurtis-kraft-327|no racing-car infobox|Kurtis Kraft
kurtis-kraft-347|no racing-car infobox|Kurtis Kraft
kurtis-kraft-350|no racing-car infobox|Kurtis Kraft
kurtis-kraft-3|no racing-car infobox|Kurtis Kraft
kurtis-kraft-4|no racing-car infobox|Kurtis Kraft
kurtis-kraft-4|name disagrees|Kurtis Kraft 500 is not a form of Kurtis Kraft 4
kurtis-kraft-7|no racing-car infobox|Kurtis Kraft
kurtis-kraft-7|name disagrees|Kurtis Kraft 500 is not a form of Kurtis Kraft 7
kurtis-kraft-kk1000|no racing-car infobox|Kurtis Kraft
kurtis-kraft-kk2000|no racing-car infobox|Kurtis Kraft
kurtis-kraft-kk3000|no racing-car infobox|Kurtis Kraft
kurtis-kraft-kk4000|no racing-car infobox|Kurtis Kraft
kurtis-kraft-kk500a|no racing-car infobox|Kurtis Kraft
kurtis-kraft-kk500b|no racing-car infobox|Kurtis Kraft
kurtis-kraft-kk500c|no racing-car infobox|Kurtis Kraft
kurtis-kraft-kk500d|no racing-car infobox|Kurtis Kraft
kurtis-kraft-kk500e|no racing-car infobox|Kurtis Kraft
kurtis-kraft-kk500f|no racing-car infobox|Kurtis Kraft
kurtis-kraft-kk500g|no racing-car infobox|Kurtis Kraft
kurtis-kraft-kk500h|no racing-car infobox|Kurtis Kraft
kurtis-kraft-kk500j|no racing-car infobox|Kurtis Kraft
kurtis-kraft-kk500|no racing-car infobox|Kurtis Kraft
kurtis-kraft-midget|no racing-car infobox|Kurtis Kraft
kurtis-kraft|no racing-car infobox|Kurtis Kraft
kuzma-indy-roadster|no article|tried Kuzma Indy Roadster, Kuzma Indy
langley|no racing-car infobox|Langley
lds-mk-1|no article|tried LDS Mk 1, LDS Mk
lds-mk-2|no article|tried LDS Mk 2, LDS Mk
lds-mk-3|no article|tried LDS Mk 3, LDS Mk
lec-crp1|name disagrees|LEC Refrigeration Racing is not a form of LEC CRP1
lesovsky|no racing-car infobox|Lesovsky
life-l190|no article|tried Life L190
ligier-js11|folded into Ligier JS11|shares the article
ligier-js17b|weight_kg dropped|Ligier JS17: 580.0 is the 1982 regulation minimum, not a measurement
ligier-js17|folded into Ligier JS17|shares the article
ligier-js21|weight_kg dropped|Ligier JS21: 540.0 is the 1983 regulation minimum, not a measurement
ligier-js23b|weight_kg dropped|Ligier JS23: 540.0 is the 1984 regulation minimum, not a measurement
ligier-js23|weight_kg dropped|Ligier JS23: 540.0 is the 1984 regulation minimum, not a measurement
ligier-js23|folded into Ligier JS23|shares the article
ligier-js25|weight_kg dropped|Ligier JS25: 540.0 is the 1985 regulation minimum, not a measurement
ligier-js29c|folded into Ligier JS29|shares the article
ligier-js33|folded into Ligier JS33|shares the article
ligier-js35|folded into Ligier JS35|shares the article
ligier-js39|folded into Ligier JS39|shares the article
ligier-js7|folded into Ligier JS7|shares the article
lola-lc88|folded into Lola LC88|shares the article
lola-lc89|folded into Lola LC89|shares the article
lola-mk-4|no article|tried Lola Mk 4, Lola Mk
lola-t100|no racing-car infobox|Lola T100
lola-t100|name disagrees|Lola F3000 cars is not a form of Lola T100
lola-t100|name disagrees|Lola T850 is not a form of Lola T100
lola-t102|no racing-car infobox|Lola T102
lola-t102|name disagrees|Lola T70 is not a form of Lola T102
lola-t102|name disagrees|Lola (2024 film) is not a form of Lola T102
lola-t371|name disagrees|Hill GH1 is not a form of Lola T371
lola-thl1|constructor disagrees|Lola THL1: page says 'haas usa', F1DB says ['lola']
lola-thl2|constructor disagrees|Lola THL2: page says 'haas usa', F1DB says ['lola']
lotus-100t|weight_kg dropped|Lotus 100T: 540.0 is the 1988 regulation minimum, not a measurement
lotus-102d|years disagree|Lotus 102: page debut [1990], F1DB entered 1992-1992
lotus-102|folded into Lotus 102|shares the article
lotus-107c|years disagree|Lotus 107: page debut [1992], F1DB entered 1994-1994
lotus-107|folded into Lotus 107|shares the article
lotus-18|folded into Lotus 18|shares the article
lotus-20|no racing-car infobox|Lotus 20
lotus-21|no racing-car infobox|Lotus 21
lotus-22|no racing-car infobox|Lotus 22
lotus-44|no racing-car infobox|Lotus 44
lotus-49c|years disagree|Lotus 49: page debut [1967], F1DB entered 1970-1970
lotus-49|folded into Lotus 49|shares the article
lotus-59b|no racing-car infobox|Lotus 59
lotus-59b|no racing-car infobox|Lotus 59
lotus-59b|name disagrees|Lotus 900 series is not a form of Lotus 59B
lotus-59b|name disagrees|Lotus 49 is not a form of Lotus 59B
lotus-69-special|no racing-car infobox|Lotus 69
lotus-72c|folded into Lotus 72|shares the article
lotus-72d|folded into Lotus 72|shares the article
lotus-72e|years disagree|Lotus 72: page debut [1970], F1DB entered 1973-1975
lotus-76|infobox is not a Formula One car|Lotus 76 (category: absent)
lotus-81|folded into Lotus 81|shares the article
lotus-87|folded into Lotus 87|shares the article
lotus-88b|weight_kg dropped|Lotus 88: 585.0 is the 1981 regulation minimum, not a measurement
lotus-88|weight_kg dropped|Lotus 88: 585.0 is the 1981 regulation minimum, not a measurement
lotus-88|folded into Lotus 88|shares the article
lotus-95t|weight_kg dropped|Lotus 95T: 540.0 is the 1984 regulation minimum, not a measurement
lotus-97t|weight_kg dropped|Lotus 97T: 540.0 is the 1985 regulation minimum, not a measurement
lotus-98t|weight_kg dropped|Lotus 98T: 540.0 is the 1986 regulation minimum, not a measurement
lotus-f1-e21|weight_kg dropped|Lotus E21: 642.0 is the 2013 regulation minimum, not a measurement
lotus-racing-t128|no racing-car infobox|Lotus T128
lotus-racing-t128|infobox is not a Formula One car|Lotus T128 (Le Mans Prototype) (category: Le Mans Prototype 2 (LMP2))
lyncar-006|no article|tried Lyncar 006
maki-f101c|no article|tried Maki F101C
maki-f101|no article|tried Maki F101
maki-f102a|no article|tried Maki F102A
march-721g|infobox names no constructor|March 721
march-721x|infobox names no constructor|March 721
march-721|infobox names no constructor|March 721
march-741|infobox names no constructor|March 741
march-751|infobox names no constructor|March 751
march-761b|name disagrees|March 701 is not a form of March 761B
march-761b|name disagrees|March 711 is not a form of March 761B
march-761|folded into March 761|shares the article
march-771|no racing-car infobox|March 7
march-771|name disagrees|March 10 is not a form of March 771
march-771|name disagrees|March 17 is not a form of March 771
march-781s|name disagrees|March 1 is not a form of March 781S
march-781s|name disagrees|March 701 is not a form of March 781S
march-781s|name disagrees|March 31 is not a form of March 781S
march-87p|name disagrees|March 871 is not a form of March 87P
march-87p|name disagrees|March 871 is not a form of March 87P
march-87p|no racing-car infobox|March 8
march-87p|name disagrees|March 17 is not a form of March 87P
march-cg911b|name disagrees|Leyton House CG911 is not a form of March CG911B
march-cg911c|name disagrees|Leyton House CG911 is not a form of March CG911C
marchese-championship-racer|no article|tried Marchese Championship Racer, Marchese Championship
martini-mk23|name disagrees|Automobiles Martini is not a form of Martini MK23
marussia-mr02|weight_kg dropped|Marussia MR02: 642.0 is the 2013 regulation minimum, not a measurement
marussia-mr03|folded into Marussia MR03|shares the article
maserati-4clt-48|name disagrees|Maserati 4CL and 4CLT is not a form of Maserati 4CLT/48
maserati-4clt-48|name disagrees|Maserati 4CL and 4CLT is not a form of Maserati 4CLT/48
maserati-4clt-50|name disagrees|Maserati 4CL and 4CLT is not a form of Maserati 4CLT/50
maserati-4clt-50|name disagrees|Maserati 4CL and 4CLT is not a form of Maserati 4CLT/50
maserati-4cl|years disagree|Maserati 4CL and 4CLT: page debut [1939], F1DB entered 1950-1951
maserati-8ctf|infobox is not a Formula One car|Maserati 8CTF (category: Race car)
maserati-a6gcm|infobox is not a Formula One car|Maserati A6GCM (category: absent)
matra-ms120c|years disagree|Matra MS120: page debut [1970], F1DB entered 1972-1972
matra-ms120d|years disagree|Matra MS120: page debut [1970], F1DB entered 1972-1972
matra-ms120|folded into Matra MS120|shares the article
matra-ms7|weight_kg dropped|Matra MS7: 500.0 is the 1967 regulation minimum, not a measurement
mcguire-bm1|name disagrees|Williams FW04 is not a form of McGuire BM1
mclaren-m14d|name disagrees|McLaren M14A is not a form of McLaren M14D
mclaren-m14d|name disagrees|McLaren M14A is not a form of McLaren M14D
mclaren-m14d|name disagrees|McLaren MP4-30 is not a form of McLaren M14D
mclaren-m14d|name disagrees|McLaren M8A is not a form of McLaren M14D
mclaren-m19c|name disagrees|McLaren M19A is not a form of McLaren M19C
mclaren-m23b|name disagrees|McLaren M8A is not a form of McLaren M23B
mclaren-m23b|name disagrees|McLaren M7A is not a form of McLaren M23B
mclaren-m23b|weight_kg dropped|McLaren M23: 575.0 is the 1974 regulation minimum, not a measurement
mclaren-m23c|no article|tried McLaren M23C
mclaren-m23d|no article|tried McLaren M23D
mclaren-m23e|no article|tried McLaren M23E
mclaren-m23|weight_kg dropped|McLaren M23: 575.0 is the 1973 regulation minimum, not a measurement
mclaren-m23|folded into McLaren M23|shares the article
mclaren-m28c|folded into McLaren M28|shares the article
mclaren-m28|folded into McLaren M28|shares the article
mclaren-m29c|folded into McLaren M29|shares the article
mclaren-m29f|years disagree|McLaren M29: page debut [1979], F1DB entered 1981-1981
mclaren-m29|folded into McLaren M29|shares the article
mclaren-m3a|name disagrees|Malcolm McLaren is not a form of McLaren M3A
mclaren-m3a|name disagrees|McLaren Automotive is not a form of McLaren M3A
mclaren-m3a|name disagrees|McLaren MCL35 is not a form of McLaren M3A
mclaren-m7b|name disagrees|McLaren M7A is not a form of McLaren M7B
mclaren-m7b|name disagrees|McLaren M7A is not a form of McLaren M7B
mclaren-m7b|name disagrees|Bruce McLaren is not a form of McLaren M7B
mclaren-m7b|name disagrees|McLaren 720S is not a form of McLaren M7B
mclaren-m7c|name disagrees|McLaren M7A is not a form of McLaren M7C
mclaren-m7d|name disagrees|McLaren M7A is not a form of McLaren M7D
mclaren-m7d|name disagrees|McLaren M7A is not a form of McLaren M7D
mclaren-m7d|name disagrees|McLaren 720S is not a form of McLaren M7D
mclaren-m7d|name disagrees|McLaren MCL35 is not a form of McLaren M7D
mclaren-m9a|name disagrees|Four-wheel drive in Formula One is not a form of McLaren M9A
mclaren-m9a|name disagrees|Malcolm McLaren is not a form of McLaren M9A
mclaren-m9a|name disagrees|McLaren Automotive is not a form of McLaren M9A
mclaren-mcl32|weight_kg dropped|McLaren MCL32: 728.0 is the 2017 regulation minimum, not a measurement
mclaren-mcl35|folded into McLaren MCL35|shares the article
mclaren-mcl38|weight_kg dropped|McLaren MCL38: 798.0 is the 2024 regulation minimum, not a measurement
mclaren-mcl39|weight_kg dropped|McLaren MCL39: 800.0 is the 2025 regulation minimum, not a measurement
mclaren-mp4-10c|folded into McLaren MP4/10|shares the article
mclaren-mp4-10|folded into McLaren MP4/10|shares the article
mclaren-mp4-11|folded into McLaren MP4/11|shares the article
mclaren-mp4-17|folded into McLaren MP4-17|shares the article
mclaren-mp4-19|folded into McLaren MP4-19|shares the article
mclaren-mp4-1c|years disagree|McLaren MP4/1: page debut [1981], F1DB entered 1983-1983
mclaren-mp4-1e|years disagree|McLaren MP4/1: page debut [1981], F1DB entered 1983-1983
mclaren-mp4-1|folded into McLaren MP4/1|shares the article
mclaren-mp4-28|weight_kg dropped|McLaren MP4-28: 642.0 is the 2013 regulation minimum, not a measurement
mclaren-mp4-2b|weight_kg dropped|McLaren MP4/2: 540.0 is the 1985 regulation minimum, not a measurement
mclaren-mp4-2c|years disagree|McLaren MP4/2: page debut [1984], F1DB entered 1986-1986
mclaren-mp4-2|weight_kg dropped|McLaren MP4/2: 540.0 is the 1984 regulation minimum, not a measurement
mclaren-mp4-2|folded into McLaren MP4/2|shares the article
mclaren-mp4-4|weight_kg dropped|McLaren MP4/4: 540.0 is the 1988 regulation minimum, not a measurement
mclaren-mp4-5|folded into McLaren MP4/5|shares the article
mclaren-mp4-6|folded into McLaren MP4/6|shares the article
mercedes-f1-w04|weight_kg dropped|Mercedes F1 W04: 642.0 is the 2013 regulation minimum, not a measurement
mercedes-f1-w08|no article|tried Mercedes F1 W08 EQ Power+, Mercedes F1 W08 EQ
mercedes-f1-w09|no article|tried Mercedes F1 W09 EQ Power+, Mercedes F1 W09 EQ
mercedes-f1-w10|name disagrees|Mercedes AMG F1 W10 EQ Power+ is not a form of Mercedes F1 W10 EQ Power+
mercedes-f1-w11|name disagrees|Mercedes-AMG F1 W11 EQ Performance is not a form of Mercedes F1 W11
mercedes-f1-w11|name disagrees|Mercedes-Benz in Formula One is not a form of Mercedes F1 W11
mercedes-f1-w12|name disagrees|Mercedes-Benz in Formula One is not a form of Mercedes F1 W12
mercedes-f1-w12|name disagrees|Mercedes F1 W07 Hybrid is not a form of Mercedes F1 W12
mercedes-f1-w12|name disagrees|Mercedes F1 W06 Hybrid is not a form of Mercedes F1 W12
mercedes-f1-w12|name disagrees|Mercedes F1 W05 Hybrid is not a form of Mercedes F1 W12
mercedes-f1-w13|name disagrees|Mercedes-Benz in Formula One is not a form of Mercedes F1 W13
mercedes-f1-w13|name disagrees|Mercedes F1 W07 Hybrid is not a form of Mercedes F1 W13
mercedes-f1-w13|name disagrees|Mercedes F1 W06 Hybrid is not a form of Mercedes F1 W13
mercedes-f1-w13|name disagrees|Mercedes F1 W05 Hybrid is not a form of Mercedes F1 W13
mercedes-f1-w14|name disagrees|Mercedes-Benz in Formula One is not a form of Mercedes F1 W14
mercedes-f1-w14|name disagrees|Mercedes F1 W07 Hybrid is not a form of Mercedes F1 W14
mercedes-f1-w14|name disagrees|Mercedes F1 W06 Hybrid is not a form of Mercedes F1 W14
mercedes-f1-w14|name disagrees|Mercedes F1 W05 Hybrid is not a form of Mercedes F1 W14
mercedes-f1-w15|name disagrees|Mercedes-Benz in Formula One is not a form of Mercedes F1 W15
mercedes-f1-w16|name disagrees|Mercedes-Benz in Formula One is not a form of Mercedes F1 W16
mercedes-f1-w16|name disagrees|Mercedes F1 W07 Hybrid is not a form of Mercedes F1 W16
mercedes-f1-w16|name disagrees|Mercedes F1 W06 Hybrid is not a form of Mercedes F1 W16
mercedes-f1-w16|name disagrees|Mercedes F1 W05 Hybrid is not a form of Mercedes F1 W16
mercedes-f1-w17|name disagrees|Mercedes-Benz in Formula One is not a form of Mercedes F1 W17
mercedes-f1-w17|name disagrees|Mercedes F1 W07 Hybrid is not a form of Mercedes F1 W17
mercedes-f1-w17|name disagrees|Mercedes F1 W06 Hybrid is not a form of Mercedes F1 W17
mercedes-f1-w17|name disagrees|Mercedes F1 W05 Hybrid is not a form of Mercedes F1 W17
mercedes-w196|name disagrees|Mercedes-Benz W196 is not a form of Mercedes W196
mercedes-w196|name disagrees|Mercedes-Benz 300 SLR is not a form of Mercedes W196
mercedes-w196|name disagrees|Mercedes W15 is not a form of Mercedes W196
merzario-a1b|no racing-car infobox|Merzario
merzario-a1b|name disagrees|Arturo Merzario is not a form of Merzario A1B
merzario-a1|no racing-car infobox|Merzario
merzario-a1|name disagrees|Arturo Merzario is not a form of Merzario A1
merzario-a1|name disagrees|MS Nordic Ferry is not a form of Merzario A1
merzario-a2|no racing-car infobox|Merzario
merzario-a2|name disagrees|Arturo Merzario is not a form of Merzario A2
merzario-a2|name disagrees|MS Nordic Ferry is not a form of Merzario A2
merzario-a4|no racing-car infobox|Merzario
meskowski|no racing-car infobox|Meskowski
minardi-m185|folded into Minardi M185|shares the article
minardi-m188|folded into Minardi M188|shares the article
minardi-m191|folded into Minardi M191|shares the article
minardi-m193|folded into Minardi M193|shares the article
minardi-m195|folded into Minardi M195|shares the article
minardi-ps01|folded into Minardi PS01|shares the article
moore|no racing-car infobox|Moore
moore|name disagrees|Demi Moore is not a form of Moore
moore|name disagrees|Roger Moore is not a form of Moore
nacke-hh48|no article|tried Nacke HH48
nichels|no racing-car infobox|Nichels
olson-special|no article|tried Olson Special
onyx-ore-1b|no article|tried Onyx ORE-1B, Onyx ORE
onyx-ore-1|name disagrees|Onyx (wrestler) is not a form of Onyx ORE-1
onyx-ore-1|name disagrees|Onyx Lorenzoni is not a form of Onyx ORE-1
onyx-ore-1|name disagrees|Onyx Records is not a form of Onyx ORE-1
osca-20|no article|tried OSCA 20
osca-4500g|no article|tried OSCA 4500G
osca-f2|no article|tried OSCA F2
osella-fa1b|no racing-car infobox|Osella
osella-fa1c|no article|tried Osella FA1C
osella-fa1d|name disagrees|Osella FA1L is not a form of Osella FA1D
osella-fa1d|name disagrees|Osella FA30 is not a form of Osella FA1D
osella-fa1d|no racing-car infobox|Osella
osella-fa1e|no article|tried Osella FA1E
osella-fa1f|no article|tried Osella FA1F
osella-fa1g|name disagrees|Osella FA1L is not a form of Osella FA1G
osella-fa1g|name disagrees|Osella FA30 is not a form of Osella FA1G
osella-fa1g|no racing-car infobox|Osella
osella-fa1h|name disagrees|Osella FA1L is not a form of Osella FA1H
osella-fa1h|name disagrees|Osella FA30 is not a form of Osella FA1H
osella-fa1h|no racing-car infobox|Osella
osella-fa1i|name disagrees|Osella FA1L is not a form of Osella FA1I
osella-fa1i|name disagrees|Osella FA30 is not a form of Osella FA1I
osella-fa1i|no racing-car infobox|Osella
osella-fa1me|name disagrees|Osella FA1L is not a form of Osella FA1ME
osella-fa1me|no racing-car infobox|Osella
osella-fa1m|name disagrees|Osella FA1L is not a form of Osella FA1M
osella-fa1m|name disagrees|Osella FA30 is not a form of Osella FA1M
osella-fa1m|no racing-car infobox|Osella
osella-fa1|no racing-car infobox|Osella
osella-fa1|years disagree|Osella FA1L: page debut [1988], F1DB entered 1980-1980
pankratz-d|name disagrees|David Pankratz is not a form of Pankratz D
pankratz-d|name disagrees|Pankrác Prison is not a form of Pankratz D
pankratz-d|name disagrees|Loren Pankratz is not a form of Pankratz D
parnelli-vpj4b|years disagree|Parnelli VPJ4: page debut [1974], F1DB entered 1976-1976
pawl|no racing-car infobox|Pawl
phillips|no racing-car infobox|Phillips
phillips|no racing-car infobox|Phillips Academy
phillips|name disagrees|Lou Diamond Phillips is not a form of Phillips
politoys-fx3|name disagrees|Frank Williams Racing Cars is not a form of Politoys FX3
porsche-718|infobox is not a Formula One car|Porsche 718 (category: Sportscar, F1, F2)
porsche-787|infobox is not a Formula One car|Porsche 787 (category: absent)
porsche-rs550|name disagrees|Porsche 550 is not a form of Porsche RS550
porsche-rsk|name disagrees|Porsche 718 is not a form of Porsche RSK
porsche-rsk|name disagrees|Porsche Supercup is not a form of Porsche RSK
porsche-rsk|name disagrees|Porsche RS Spyder is not a form of Porsche RSK
protos-f2|name disagrees|Protos (constructor) is not a form of Protos F2
protos-f2|name disagrees|Proto-Finnic language is not a form of Protos F2
protos-f2|name disagrees|Protofeminism is not a form of Protos F2
racing-bulls-vcarb-02|weight_kg dropped|Racing Bulls VCARB 02: 800.0 is the 2025 regulation minimum, not a measurement
racing-bulls-vcarb-03|wheelbase_mm dropped|Racing Bulls VCARB 03: 3400.0 is the 2026 regulation maximum, not a measurement
rae|no racing-car infobox|Rae
rae|name disagrees|Addison Rae is not a form of Rae
rae|no racing-car infobox|Rae Sremmurd
ram-01|weight_kg dropped|RAM 01: 540.0 is the 1983 regulation minimum, not a measurement
rebaque-hr100|no racing-car infobox|Rebaque
red-bull-rb14|name disagrees|Red Bull Racing RB14 is not a form of Red Bull RB14
red-bull-rb14|no racing-car infobox|Red Bull
red-bull-rb14|name disagrees|Red Bull RB8 is not a form of Red Bull RB14
red-bull-rb14|name disagrees|Red Bull RB5 is not a form of Red Bull RB14
red-bull-rb15|name disagrees|Red Bull Racing RB15 is not a form of Red Bull RB15
red-bull-rb15|no racing-car infobox|Red Bull
red-bull-rb16b|name disagrees|Red Bull Racing RB16 is not a form of Red Bull RB16B
red-bull-rb16b|no racing-car infobox|Red Bull
red-bull-rb16b|name disagrees|Red Bull RB12 is not a form of Red Bull RB16B
red-bull-rb16b|name disagrees|Red Bull RB6 is not a form of Red Bull RB16B
red-bull-rb16|name disagrees|Red Bull Racing RB16 is not a form of Red Bull RB16
red-bull-rb16|no racing-car infobox|Red Bull
red-bull-rb16|name disagrees|Red Bull RB8 is not a form of Red Bull RB16
red-bull-rb16|name disagrees|Red Bull RB5 is not a form of Red Bull RB16
red-bull-rb18|name disagrees|Red Bull Racing RB18 is not a form of Red Bull RB18
red-bull-rb18|no racing-car infobox|Red Bull
red-bull-rb19|name disagrees|Red Bull Racing RB19 is not a form of Red Bull RB19
red-bull-rb19|no racing-car infobox|Red Bull
red-bull-rb19|name disagrees|Red Bull RB8 is not a form of Red Bull RB19
red-bull-rb19|name disagrees|Red Bull RB5 is not a form of Red Bull RB19
red-bull-rb20|name disagrees|Red Bull Racing RB20 is not a form of Red Bull RB20
red-bull-rb20|no racing-car infobox|Red Bull
red-bull-rb21|name disagrees|Red Bull Racing RB21 is not a form of Red Bull RB21
red-bull-rb21|no racing-car infobox|Red Bull
red-bull-rb22|no racing-car infobox|Red Bull
red-bull-rb22|name disagrees|Red Bull RB8 is not a form of Red Bull RB22
red-bull-rb22|name disagrees|Red Bull RB5 is not a form of Red Bull RB22
red-bull-rb22|name disagrees|Red Bull RB4 is not a form of Red Bull RB22
red-bull-rb9|weight_kg dropped|Red Bull RB9: 642.0 is the 2013 regulation minimum, not a measurement
reif|no racing-car infobox|Reif
reif|name disagrees|Tyler Reif is not a form of Reif
reif|no racing-car infobox|Reification (fallacy)
renault-r23|folded into Renault R23|shares the article
renault-r24|folded into Renault R24|shares the article
renault-re20|folded into Renault RE20|shares the article
renault-re30c|years disagree|Renault RE30: page debut [1981], F1DB entered 1983-1983
renault-re30|folded into Renault RE30|shares the article
renault-re50|weight_kg dropped|Renault RE50: 540.0 is the 1984 regulation minimum, not a measurement
renault-re60b|weight_kg dropped|Renault RE60: 540.0 is the 1985 regulation minimum, not a measurement
renault-re60|weight_kg dropped|Renault RE60: 540.0 is the 1985 regulation minimum, not a measurement
renault-re60|folded into Renault RE60|shares the article
renault-rs17|weight_kg dropped|Renault R.S.17: 728.0 is the 2017 regulation minimum, not a measurement
sauber-c32|weight_kg dropped|Sauber C32: 642.0 is the 2013 regulation minimum, not a measurement
sauber-c36|weight_kg dropped|Sauber C36: 728.0 is the 2017 regulation minimum, not a measurement
scarab-f1|name disagrees|Scarab (constructor) is not a form of Scarab F1
scarab-f1|name disagrees|Scarab (artifact) is not a form of Scarab F1
scarab-f1|name disagrees|Scarab of Ra is not a form of Scarab F1
schroeder|no racing-car infobox|Schroeder
schroeder|name disagrees|Stassi Schroeder is not a form of Schroeder
schroeder|name disagrees|Schröder–Bernstein theorem is not a form of Schroeder
scirocco-sp|no article|tried Scirocco SP
shadow-dn1|weight_kg dropped|Shadow DN1: 575.0 is the 1973 regulation minimum, not a measurement
shadow-dn3|folded into Shadow DN3|shares the article
shadow-dn5|folded into Shadow DN5|shares the article
shannon-sh1|name disagrees|Shannon Racing Cars is not a form of Shannon SH1
sherman|no racing-car infobox|Sherman
simca-gordini-t11|years disagree|Simca-Gordini T11: page debut [1948], F1DB entered 1951-1952
simca-gordini-t15|years disagree|Simca-Gordini T15: page debut [1948], F1DB entered 1950-1953
snowberger|name disagrees|Russ Snowberger is not a form of Snowberger
spirit-101c|weight_kg dropped|Spirit 101: 540.0 is the 1984 regulation minimum, not a measurement
spirit-101d|weight_kg dropped|Spirit 101: 540.0 is the 1985 regulation minimum, not a measurement
spirit-101d|folded into Spirit 101|shares the article
spirit-101|weight_kg dropped|Spirit 101: 540.0 is the 1984 regulation minimum, not a measurement
spirit-101|folded into Spirit 101|shares the article
spirit-201|folded into Spirit 201|shares the article
spyker-f8-vii|folded into Spyker F8-VII|shares the article
stebro-mk-iv|no article|tried Stebro Mk IV, Stebro Mk
stevens-ansted-special|no article|tried Stevens Ansted Special, Stevens Ansted
stevens-belanger-indy-special|no article|tried Stevens Belanger Indy Special, Stevens Belanger Indy
stevens-chapman-special|no article|tried Stevens Chapman Special, Stevens Chapman
stevens|no racing-car infobox|Stevens
stevens|name disagrees|Cat Stevens is not a form of Stevens
stevens|name disagrees|Sufjan Stevens is not a form of Stevens
surtees-ts14|folded into Surtees TS14|shares the article
surtees-ts9|folded into Surtees TS9|shares the article
sutton|no racing-car infobox|Sutton
talbot-lago-t26c-da|infobox is not a Formula One car|Talbot-Lago T26C (category: absent)
talbot-lago-t26c-gs|infobox is not a Formula One car|Talbot-Lago T26C (category: absent)
talbot-lago-t26c|infobox is not a Formula One car|Talbot-Lago T26C (category: absent)
tec-mec-f415|no article|tried Tec-Mec F415
tecno-pa123-3|no article|tried Tecno PA123/3, Tecno PA123
tecno-pa123-6|no article|tried Tecno PA123/6, Tecno PA123
tecno-tf69|no article|tried Tecno TF69
theodore-n183|no article|tried Theodore N183
theodore-tr1|name disagrees|Theodore Racing is not a form of Theodore TR1
theodore-tr1|name disagrees|Theodore Roosevelt is not a form of Theodore TR1
theodore-tr1|name disagrees|Theodore Roosevelt Jr. is not a form of Theodore TR1
theodore-ty01|no article|tried Theodore TY01
theodore-ty02|name disagrees|Theodore Tiron is not a form of Theodore TY02
theodore-ty02|name disagrees|Theodore Tylor is not a form of Theodore TY02
theodore-ty02|name disagrees|Dobarsko is not a form of Theodore TY02
token-rj02|name disagrees|Token Racing is not a form of Token RJ02
toleman-tg181c|folded into Toleman TG181|shares the article
toleman-tg181|folded into Toleman TG181|shares the article
toleman-tg183|folded into Toleman TG183|shares the article
toro-rosso-str12|weight_kg dropped|Toro Rosso STR12: 728.0 is the 2017 regulation minimum, not a measurement
toro-rosso-str13|name disagrees|Scuderia Toro Rosso STR13 is not a form of Toro Rosso STR13
toro-rosso-str13|name disagrees|Scuderia Toro Rosso is not a form of Toro Rosso STR13
toro-rosso-str14|name disagrees|Scuderia Toro Rosso STR14 is not a form of Toro Rosso STR14
toro-rosso-str14|name disagrees|Scuderia Toro Rosso is not a form of Toro Rosso STR14
toro-rosso-str8|weight_kg dropped|Toro Rosso STR8: 642.0 is the 2013 regulation minimum, not a measurement
toyota-tf104|folded into Toyota TF104|shares the article
toyota-tf105|folded into Toyota TF105|shares the article
toyota-tf106|folded into Toyota TF106|shares the article
trevis-indycar|no article|tried Trevis Indycar
trojan-t103|name disagrees|Trojan–Tauranac Racing is not a form of Trojan T103
turner|no racing-car infobox|Turner
turner|name disagrees|Tina Turner is not a form of Turner
turner|no racing-car infobox|Turner syndrome
tyrrell-011b|years disagree|Tyrrell 011: page debut [1981], F1DB entered 1983-1983
tyrrell-012|weight_kg dropped|Tyrrell 012: 540.0 is the 1983 regulation minimum, not a measurement
tyrrell-017|folded into Tyrrell 017|shares the article
tyrrell-020c|years disagree|Tyrrell 020: page debut [1991], F1DB entered 1993-1993
tyrrell-020|folded into Tyrrell 020|shares the article
tyrrell-dg016|weight_kg dropped|Tyrrell DG016: 500.0 is the 1987 regulation minimum, not a measurement
vanwall-special|name disagrees|Vanwall Grand Prix is not a form of Vanwall Special
vanwall-vw-11|name disagrees|Vanwall Grand Prix is not a form of Vanwall VW 11
vanwall-vw-11|no racing-car infobox|Vanwall
vanwall-vw-2|no racing-car infobox|Vanwall
vanwall-vw-2|name disagrees|Vanwall Vandervell 680 is not a form of Vanwall VW 2
vanwall-vw-2|name disagrees|Vanwall Grand Prix is not a form of Vanwall VW 2
vanwall-vw-55|no racing-car infobox|Vanwall
vanwall-vw-59|name disagrees|Vanwall Grand Prix is not a form of Vanwall VW 59
vanwall-vw-5|name disagrees|Vanwall Grand Prix is not a form of Vanwall VW 5
venturi-lc92|constructor disagrees|Venturi LC92: page says 'fomet', F1DB says ['venturi', 'venturi automobiles']
veritas-meteor|no racing-car infobox|Veritas Meteor
veritas-rs|no racing-car infobox|Veritas RS
watson-cc-50|no article|tried Watson CC-50, Watson CC
watson-cc-53|no article|tried Watson CC-53, Watson CC
watson-indy-roadster|infobox is not a Formula One car|Watson Indy Roadster (category: U.S.A.C. IndyCar)
wetteroth|no racing-car infobox|Wetteroth
williams-fw07c|years disagree|Williams FW07: page debut [1979], F1DB entered 1981-1982
williams-fw07d|years disagree|Williams FW07: page debut [1979], F1DB entered 1982-1982
williams-fw07|folded into Williams FW07|shares the article
williams-fw08|folded into Williams FW08|shares the article
williams-fw09|folded into Williams FW09|shares the article
williams-fw10|folded into Williams FW10|shares the article
williams-fw11|weight_kg dropped|Williams FW11: 540.0 is the 1986 regulation minimum, not a measurement
williams-fw11|folded into Williams FW11|shares the article
williams-fw12|folded into Williams FW12|shares the article
williams-fw13|folded into Williams FW13|shares the article
williams-fw14|folded into Williams FW14|shares the article
williams-fw16|folded into Williams FW16|shares the article
williams-fw17|folded into Williams FW17|shares the article
williams-fw26|weight_kg dropped|Williams FW26: 605.0 is the 2004 regulation minimum, not a measurement
williams-fw35|weight_kg dropped|Williams FW35: 642.0 is the 2013 regulation minimum, not a measurement
williams-fw43|folded into Williams FW43|shares the article
williams-fw47|weight_kg dropped|Williams FW47: 800.0 is the 2025 regulation minimum, not a measurement
wolf-williams-fw04|name disagrees|Williams FW04 is not a form of Wolf-Williams FW04
wolf-williams-fw05|name disagrees|Hesketh 308C is not a form of Wolf-Williams FW05
wolf-williams-fw05|name disagrees|Williams FW04 is not a form of Wolf-Williams FW05
wolf-wr2|name disagrees|Wolf WR1 is not a form of Wolf WR2
wolf-wr3|name disagrees|Wolf WR1 is not a form of Wolf WR3
wolf-wr4|name disagrees|Wolf WR1 is not a form of Wolf WR4
wolf-wr6|name disagrees|Wolf WR5 is not a form of Wolf WR6
wolf-wr8|name disagrees|Wolf WR7 is not a form of Wolf WR8
wolf-wr8|name disagrees|Wolf WR7 is not a form of Wolf WR8
wolf-wr8|name disagrees|Wolf warrior diplomacy is not a form of Wolf WR8
wolf-wr8|name disagrees|Wolf Warrior 2 is not a form of Wolf WR8
wolf-wr9|name disagrees|Wolf WR7 is not a form of Wolf WR9
