# Every chassis without an article, and why it was refused.
adams	REFUSED	no category is named for Adams
afm-6	REFUSED	no category named for it exists
afm-8	REFUSED	no category named for it exists
ags-jh27	REFUSED	no category named for it exists
alfa-romeo-179c	REFUSED	no category named for it exists
alfa-special-special	REFUSED	no category named for it exists
alta-gp	REFUSED	no category named for it exists
andrea-moda-c4b	REFUSED	no category named for it exists
apollon-fly	REFUSED	no category named for it exists
arzani-volpini-f1	REFUSED	no category named for it exists
aston-butterworth-nb41	REFUSED	no category named for it exists
ats-100	REFUSED	Category:ATS 100 is not filed as a Formula One car (no parents)
ats-wheels-hgs1	REFUSED	no category named for it exists
balsa-special	REFUSED	no category named for it exists
behra-porsche-rsk	REFUSED	no category named for it exists
bellasi-f1-70	REFUSED	no category named for it exists
bmw-269	REFUSED	no category named for it exists
boro-001	REFUSED	no category named for it exists
brabham-bt16	REFUSED	no category named for it exists
brabham-bt22	REFUSED	Category:Brabham BT22 is not filed as a Formula One car (Brabham Tasman cars; Coventry Climax-powered racing automobiles)
brabham-bt23	REFUSED	Category:Brabham BT23 is not filed as a Formula One car (1967 racing automobiles; Brabham Formula Two cars)
brabham-bt23b	REFUSED	no category named for it exists
brabham-bt23c	REFUSED	no category named for it exists
brabham-bt30	REFUSED	Category:Brabham BT30 is not filed as a Formula One car (1969 racing automobiles; Brabham Formula Two cars)
brabham-bt6	REFUSED	Category:Brabham BT6 is not filed as a Formula One car (Brabham Formula Junior cars)
brm-p160d	REFUSED	no category named for it exists
brm-p201b	REFUSED	no category named for it exists
bromme	REFUSED	no category is named for Bromme
brp-mk-1	REFUSED	no category named for it exists
brp-mk-2	REFUSED	no category named for it exists
bugatti-t251	REFUSED	no category named for it exists
cadillac-ca01	REFUSED	Category:Cadillac CA01 is not filed as a Formula One car (no parents)
christensen	REFUSED	no category is named for Christensen
cisitalia-d46	REFUSED	Category:Cisitalia D46 is not filed as a Formula One car (1946 racing automobiles; Carrozzeria Motto; Cisitalia racing automobiles; Grand Prix automobiles)
coloni-fc187	REFUSED	no category named for it exists
coloni-fc188b	REFUSED	no category named for it exists
cooper-special	REFUSED	no category named for it exists
cooper-t20	REFUSED	Category:Cooper T20 is not filed as a Formula One car (no parents)
cooper-t44	REFUSED	no category named for it exists
cooper-t71-73	REFUSED	Category:Cooper T71/73 is not filed as a Formula One car (Cooper T71; Cooper T73)
cooper-t79	REFUSED	no category named for it exists
cooper-t82	REFUSED	no category named for it exists
de-tomaso-801	REFUSED	no category named for it exists
de-tomaso-f1-001	REFUSED	no category named for it exists
de-tomaso-f1-002	REFUSED	no category named for it exists
de-tomaso-f1-003	REFUSED	no category named for it exists
de-tomaso-f1-004	REFUSED	no category named for it exists
deidt-tuffanelli-derrico	REFUSED	no category named for it exists
del-roy	REFUSED	no category is named for Del Roy
derrington-francis-df	REFUSED	no category named for it exists
dunn	REFUSED	no category is named for Dunn
eagle-t1g	REFUSED	Category:Eagle T1G is not filed as a Formula One car (no parents)
eifelland-21	REFUSED	no category named for it exists
elder	REFUSED	no category is named for Elder
emeryson-56	REFUSED	no category named for it exists
emeryson-61	REFUSED	no category named for it exists
emw-r2	REFUSED	no category named for it exists
enb-f1	REFUSED	no category named for it exists
ensign-n174	REFUSED	no category named for it exists
ensign-n180b	REFUSED	no category named for it exists
ensign-n181	REFUSED	no category named for it exists
epperly-indy-roadster	REFUSED	no category named for it exists
era-g	REFUSED	no category named for it exists
ewing	REFUSED	no category is named for Ewing
ferrari-125	REFUSED	Category:Ferrari 125 is not filed as a Formula One car (Automobiles with V12 engines; Ferrari automobiles)
ferrari-166	REFUSED	Category:Ferrari 166 is not filed as a Formula One car (Automobiles with V12 engines; Ferrari automobiles)
ferrari-166s	REFUSED	Category:Ferrari 166 S is not filed as a Formula One car (Ferrari 166)
ferrari-212	REFUSED	Category:Ferrari 212 is not filed as a Formula One car (Automobiles with V12 engines; Ferrari automobiles)
ferrari-275	REFUSED	Category:Ferrari 275 is not filed as a Formula One car (1960s automobiles; Automobiles designed by Pininfarina; Automobiles with V12 engines; Ferrari automobiles; Number 275 on automobiles)
ferrari-312-67-68	REFUSED	no category named for it exists
ferrari-312-68	REFUSED	no category named for it exists
ferrari-312-69	REFUSED	no category named for it exists
ferrari-375s	REFUSED	no category named for it exists
ferrari-555	REFUSED	no category named for it exists
ferrari-625	REFUSED	Category:Ferrari 625 is not filed as a Formula One car (Ferrari racing cars)
first-f189	REFUSED	no category named for it exists
fittipaldi-f7	REFUSED	no category named for it exists
fittipaldi-f8c	REFUSED	no category named for it exists
fittipaldi-f8d	REFUSED	no category named for it exists
fittipaldi-f9	REFUSED	no category named for it exists
fondmetal-fa1m-e	REFUSED	no category named for it exists
fondmetal-fomet-1	REFUSED	no category named for it exists
footwork-a11c	REFUSED	no category named for it exists
footwork-fa13b	REFUSED	no category named for it exists
frank-williams-racing-cars-fw	REFUSED	no category is named for Williams FW
frank-williams-racing-cars-fw04	REFUSED	no category is named for Williams FW04
frazer-nash-421	REFUSED	no category named for it exists
frazer-nash-fn48	REFUSED	no category named for it exists
fry-f2	REFUSED	no category named for it exists
gilby-61	REFUSED	no category named for it exists
gilby-62	REFUSED	no category named for it exists
gordini-t15	REFUSED	no category named for it exists
greifzu	REFUSED	no category is named for Greifzu
hall	REFUSED	no category is named for Hall
heck	REFUSED	no category is named for Heck
hwm-53	REFUSED	no category named for it exists
iso-marlboro-fw	REFUSED	no category named for it exists
iso-marlboro-fx3b	REFUSED	no category named for it exists
jaguar-r3b	REFUSED	no category named for it exists
jaguar-r5b	REFUSED	no category named for it exists
kauhsen-wk	REFUSED	no category named for it exists
klenk-meteor	REFUSED	no category named for it exists
kojima-ke009	REFUSED	no category named for it exists
krakau	REFUSED	no category is named for Krakau
kurtis-kraft	REFUSED	no category is named for Kurtis Kraft
kurtis-kraft-3	REFUSED	no category named for it exists
kurtis-kraft-327	REFUSED	no category named for it exists
kurtis-kraft-347	REFUSED	no category named for it exists
kurtis-kraft-350	REFUSED	no category named for it exists
kurtis-kraft-4	REFUSED	no category named for it exists
kurtis-kraft-7	REFUSED	no category named for it exists
kurtis-kraft-kk1000	REFUSED	no category named for it exists
kurtis-kraft-kk2000	REFUSED	no category named for it exists
kurtis-kraft-kk3000	REFUSED	no category named for it exists
kurtis-kraft-kk4000	REFUSED	no category named for it exists
kurtis-kraft-kk500	REFUSED	no category named for it exists
kurtis-kraft-kk500a	REFUSED	no category named for it exists
kurtis-kraft-kk500b	REFUSED	no category named for it exists
kurtis-kraft-kk500c	REFUSED	no category named for it exists
kurtis-kraft-kk500d	REFUSED	no category named for it exists
kurtis-kraft-kk500e	REFUSED	no category named for it exists
kurtis-kraft-kk500f	REFUSED	no category named for it exists
kurtis-kraft-kk500g	REFUSED	no category named for it exists
kurtis-kraft-kk500h	REFUSED	no category named for it exists
kurtis-kraft-kk500j	REFUSED	no category named for it exists
kurtis-kraft-midget	REFUSED	no category named for it exists
kuzma-indy-roadster	REFUSED	no category named for it exists
langley	REFUSED	no category is named for Langley
lds-mk-2	REFUSED	no category named for it exists
lesovsky	REFUSED	no category is named for Lesovsky
lola-t100	REFUSED	no category named for it exists
lola-t102	REFUSED	no category named for it exists
lola-t371	REFUSED	no category named for it exists
lotus-20	REFUSED	Category:Lotus 20 is not filed as a Formula One car (Lotus Formula Junior cars)
lotus-22	REFUSED	Category:Lotus 22 is not filed as a Formula One car (Ford (Cosworth)-powered racing automobiles; Green land vehicles; Lotus Formula Junior cars)
lotus-44	REFUSED	no category named for it exists
lotus-59b	REFUSED	no category named for it exists
lotus-69-special	REFUSED	no category named for it exists
lyncar-006	REFUSED	no category named for it exists
maki-f101c	REFUSED	Category:Maki F101C holds no photograph that is not a replica, a part or another chassis's
maki-f102a	REFUSED	no category named for it exists
march-721g	REFUSED	Category:March 721G is not filed as a Formula One car (March 721)
march-721x	REFUSED	Category:March 721X is not filed as a Formula One car (March 721)
march-771	REFUSED	no category named for it exists
march-781s	REFUSED	no category named for it exists
march-87p	REFUSED	no category named for it exists
march-cg911c	REFUSED	no category named for it exists
marchese-championship-racer	REFUSED	no category named for it exists
martini-mk23	REFUSED	no category named for it exists
maserati-4clt-48	REFUSED	no category named for it exists
maserati-4clt-50	REFUSED	no category named for it exists
maserati-8ctf	REFUSED	Category:Maserati 8CTF is not filed as a Formula One car (Grand Prix automobiles; Maserati racing cars)
matra-ms120c	REFUSED	no category named for it exists
matra-ms120d	REFUSED	no category named for it exists
mcguire-bm1	REFUSED	no category named for it exists
mclaren-m14d	REFUSED	no category named for it exists
mclaren-m19c	REFUSED	no category named for it exists
mclaren-m23e	REFUSED	no category named for it exists
mclaren-m29f	REFUSED	no category named for it exists
mclaren-m3a	REFUSED	Category:McLaren M3A is not filed as a Formula One car (Hillclimb racing automobiles; McLaren Formula 5000 cars; Oldsmobile-powered racing automobiles)
mclaren-m7d	REFUSED	no category named for it exists
mclaren-mp4-1e	REFUSED	Category:McLaren MP4/1E holds no photograph that is not a replica, a part or another chassis's
merzario-a1	REFUSED	no category named for it exists
merzario-a1b	REFUSED	no category named for it exists
merzario-a4	REFUSED	no category named for it exists
meskowski	REFUSED	no category is named for Meskowski
moore	REFUSED	no category is named for Moore
nacke-hh48	REFUSED	no category named for it exists
nichels	REFUSED	no category is named for Nichels
olson-special	REFUSED	no category named for it exists
osca-20	REFUSED	no category named for it exists
osca-4500g	REFUSED	Category:OSCA 4500G is not filed as a Formula One car (OSCA racing automobiles)
osca-f2	REFUSED	no category named for it exists
osella-fa1	REFUSED	no category named for it exists
osella-fa1h	REFUSED	no category named for it exists
osella-fa1i	REFUSED	no category named for it exists
osella-fa1m	REFUSED	no category named for it exists
osella-fa1me	REFUSED	no category named for it exists
pankratz-d	REFUSED	no category named for it exists
parnelli-vpj4b	REFUSED	no category named for it exists
pawl	REFUSED	no category is named for Pawl
phillips	REFUSED	no category is named for Phillips
politoys-fx3	REFUSED	no category named for it exists
porsche-718	REFUSED	Category:Porsche 718 is not filed as a Formula One car (Mid-engined automobiles; Number 718 on racing cars; Porsche racing automobiles; Racing sports cars)
porsche-787	REFUSED	no category named for it exists
porsche-rs550	REFUSED	no category named for it exists
porsche-rsk	REFUSED	no category named for it exists
protos-f2	REFUSED	no category named for it exists
rae	REFUSED	no category is named for Rae
rebaque-hr100	REFUSED	no category named for it exists
reif	REFUSED	no category is named for Reif
renault-re30c	REFUSED	Category:Renault RE30C holds no photograph that is not a replica, a part or another chassis's
schroeder	REFUSED	no category is named for Schroeder
scirocco-sp	REFUSED	no category named for it exists
shannon-sh1	REFUSED	no category named for it exists
sherman	REFUSED	no category is named for Sherman
snowberger	REFUSED	no category is named for Snowberger
stebro-mk-iv	REFUSED	no category named for it exists
stevens	REFUSED	no category is named for Stevens
stevens-ansted-special	REFUSED	no category named for it exists
stevens-belanger-indy-special	REFUSED	no category named for it exists
stevens-chapman-special	REFUSED	no category named for it exists
sutton	REFUSED	no category is named for Sutton
talbot-lago-t26c	REFUSED	Category:Talbot-Lago T26C is not filed as a Formula One car (no parents)
talbot-lago-t26c-da	REFUSED	no category named for it exists
talbot-lago-t26c-gs	REFUSED	Category:Talbot-Lago T26C-GS is not filed as a Formula One car (no parents)
tec-mec-f415	REFUSED	Category:Tec-Mec F415 is not filed as a Formula One car (Allegretti e Gentilini; Maserati racing cars)
tecno-pa123-3	REFUSED	no category named for it exists
tecno-pa123-6	REFUSED	no category named for it exists
tecno-tf69	REFUSED	no category named for it exists
token-rj02	REFUSED	no category named for it exists
trevis-indycar	REFUSED	no category named for it exists
turner	REFUSED	no category is named for Turner
tyrrell-011b	REFUSED	no category named for it exists
vanwall-special	REFUSED	no category named for it exists
vanwall-vw-11	REFUSED	no category named for it exists
vanwall-vw-2	REFUSED	Category:Vanwall VW2 holds no photograph that is not a replica, a part or another chassis's
vanwall-vw-55	REFUSED	Category:Vanwall VW55 holds no photograph that is not a replica, a part or another chassis's
vanwall-vw-59	REFUSED	no category named for it exists
veritas-meteor	REFUSED	Category:Veritas Meteor is not filed as a Formula One car (Formula Two cars; Veritas racing cars)
veritas-rs	REFUSED	no category named for it exists
watson-cc-50	REFUSED	no category named for it exists
watson-cc-53	REFUSED	no category named for it exists
watson-indy-roadster	REFUSED	no category named for it exists
wetteroth	REFUSED	no category is named for Wetteroth
williams-fw07d	REFUSED	no category named for it exists
wolf-williams-fw04	REFUSED	no category named for it exists
wolf-wr2	REFUSED	no category named for it exists
wolf-wr3	REFUSED	no category named for it exists
wolf-wr4	REFUSED	no category named for it exists
wolf-wr6	REFUSED	Category:Wolf WR6 is not filed as a Formula One car (no parents)
wolf-wr8	REFUSED	no category named for it exists
wolf-wr9	REFUSED	no category named for it exists
ags-jh21c	ACCEPTED	Category:AGS JH21C	File:AGS JH21C 1986 (27082681156).jpg	CC BY-SA 2.0
alfa-romeo-179b	ACCEPTED	Category:Alfa Romeo 179B	File:Alfa Romeo 179B, Museo Nazionale dell'Automobile di Torino (2).jpg	CC BY 2.0
alfa-romeo-179d	ACCEPTED	Category:Alfa Romeo 179D	File:Alfa Romeo 179D (32337384733) (2).jpg	CC BY-SA 2.0
alpine-a524	ACCEPTED	Category:Alpine A524	File:2024 British Grand Prix, Gasly (1).jpg	CC BY 2.0
alpine-a525	ACCEPTED	Category:Alpine A525	File:2025 Japan GP - Alpine - Ryo Hirakawa - FP1.jpg	CC BY-SA 4.0
alta-f2	ACCEPTED	Category:Alta F2	File:1952 Alta F2 at Silverstone Classic 2011.jpg	CC BY 2.0
amon-af101	ACCEPTED	Category:Amon AF101	File:Amon AF101 Ronnie Peterson Historic GP Anderstorp 2008 (2558747623).jpg	CC BY 2.0
aston-butterworth-nb42	ACCEPTED	Category:Aston Butterworth NB42	File:Aston Butterworth NB42 at Crystal Palace 2015.jpg	CC BY-SA 4.0
aston-martin-amr23	ACCEPTED	Category:Aston Martin AMR23	File:2023 Aston Martin AMR23.jpg	CC0
aston-martin-amr24	ACCEPTED	Category:Aston Martin AMR24	File:2024 Aston Martin AMR24.jpg	CC BY-SA 4.0
aston-martin-amr25	ACCEPTED	Category:Aston Martin AMR25	File:2025 Japan GP - Aston Martin - AMR25 - Thursday.jpg	CC BY-SA 4.0
aston-martin-amr26	ACCEPTED	Category:Aston Martin AMR26	File:2026 Chinese GP - Aston Martin - AMR26.jpg	CC BY 4.0
ats-100	ACCEPTED	Category:ATS Tipo 100	File:P. Hill at 1963 Dutch Grand Prix.jpg	CC BY-SA 3.0 nl
ats-wheels-d3	ACCEPTED	Category:ATS D3	File:Rétromobile 2018 - ATS D3 - 1979 - 001.jpg	CC BY-SA 4.0
ats-wheels-d4	ACCEPTED	Category:ATS D4	File:Marc Surer ATS 1980.jpg	Public domain
audi-r26	ACCEPTED	Category:Audi R26	File:2026 Chinese GP - Audi - R26.jpg	CC BY 4.0
brabham-bt18	ACCEPTED	Category:Brabham BT18	File:Brabham BT18 Mallory Park.JPG	CC BY-SA 3.0
brabham-bt33	ACCEPTED	Category:Brabham BT33	File:1971 Brabham BT33 (19698941594).jpg	CC BY 2.0
brabham-bt42	ACCEPTED	Category:Brabham BT42	File:1973 Brabham BT42, Melbourne, 2008.JPG	CC BY-SA 4.0
brabham-bt45c	ACCEPTED	Category:Brabham BT45C	File:Lauda driving brabham.jpg	Public domain
brabham-bt49c	ACCEPTED	Category:Brabham BT49C	File:1981 Brabham BT49C (19700817283).jpg	CC BY 2.0
brabham-bt49d	ACCEPTED	Category:Brabham BT49D	File:2005 Brands Hatch A1GP 25 Sept Christian Glaesel Brabham BT49D.jpg	CC BY 2.0
brm-p15	ACCEPTED	Category:BRM P15	File:BRM P15 V16 Mk1 at Formula 1 Exhibition, London.jpg	CC BY-SA 4.0
brm-p153	ACCEPTED	Category:BRM P153	File:BRM P153.jpg	CC BY-SA 3.0
brm-p160e	ACCEPTED	Category:BRM P160E	File:Niki Lauda 1972 F1 BRM P160E.jpg	CC BY 4.0
coloni-fc188	ACCEPTED	Category:Coloni FC188	File:Coloni FC188B 2008 Donington Park.jpg	CC BY 2.0
connaught-a	ACCEPTED	Category:Connaught Type A	File:Connaught A Silverstone 2007.jpg	CC BY-SA 3.0
connew-pc1	ACCEPTED	Category:Connew PC1	File:Connew PC1 2.JPG	CC BY 3.0
cooper-t12	ACCEPTED	Category:Cooper T12	File:Cooper T12.jpg	Public domain
cooper-t24	ACCEPTED	Category:Cooper T24	File:Cooper T24.jpg	CC BY 2.0
cooper-t40	ACCEPTED	Category:Cooper T40	File:Cooper T40 Bristol of Jack Brabham (1955 AGP).jpg	Public domain
cooper-t41	ACCEPTED	Category:Cooper T41	File:Cooper T41 Donington 2007.jpg	CC BY-SA 3.0
cooper-t43	ACCEPTED	Category:Cooper T43	File:Cooper T43 2017 Silverstone Classic (26572399588).jpg	CC BY 2.0
cooper-t59	ACCEPTED	Category:Cooper T59	File:Cooper T59 FJ of Michael Shearer.JPG	CC BY-SA 4.0
eagle-t1f	ACCEPTED	Category:Eagle T1F	File:Eagle T1F.jpg	CC BY-SA 3.0
ensign-n173	ACCEPTED	Category:Ensign N173	File:1973 Ensign N173 at Silverstone Classic 2019.jpg	CC BY 2.0
ensign-n175	ACCEPTED	Category:Ensign N175	File:-33 - Ensign MN175 - 1975.jpg	CC BY 4.0
ensign-n176	ACCEPTED	Category:Ensign N176	File:1976 British GP Amon Ensign (2).jpg	CC BY-SA 3.0
ensign-n177	ACCEPTED	Category:Ensign N177	File:Derek Daly - Ensign N177 & Rupert Keegan - Surtees TS20 head down Paddock Hill at the 1978 British Grand Prix (50050265771).jpg	CC BY-SA 2.0
ensign-n180	ACCEPTED	Category:Ensign N180	File:1980 Ensign N180 (20313146392).jpg	CC BY 2.0
era-a	ACCEPTED	Category:ERA A-Type	File:1937-05-30 Avus Era Bjørnstad.jpg	Public domain
era-b	ACCEPTED	Category:ERA B-Type	File:1935 ERA B-Type R7B (49008145807).jpg	CC BY 2.0
era-e	ACCEPTED	Category:ERA E-Type	File:1938 ERA E-Type GP1 and a 1938 Maserati 6CM.jpg	CC BY 2.0
eurobrun-er189b	ACCEPTED	Category:EuroBrun ER189B	File:ER189B 1.JPG	CC BY-SA 3.0
ferrari-125	ACCEPTED	Category:Ferrari 125 F1	File:Dino Ferrari in Ferrari 125 GPC.jpg	Public domain
ferrari-1512	ACCEPTED	Category:Ferrari 1512	File:Ferrari 1512 (35681758636).jpg	CC BY 2.0
ferrari-625	ACCEPTED	Category:Ferrari 625 F1	File:1954 Ferrari 625 F1 front.jpg	CC BY-SA 4.0
ferrari-801	ACCEPTED	Category:Ferrari 801	File:Ferrari 801.jpg	CC BY-SA 3.0
fittipaldi-f8	ACCEPTED	Category:Fittipaldi F8	File:1980 Fittipaldi F8 no 1.jpg	CC BY-SA 3.0
footwork-fa13	ACCEPTED	Category:Footwork FA13	File:Aguri Suzuki 1992 Footwork FA13 (51862039629).jpg	CC BY 2.0
footwork-fa14	ACCEPTED	Category:Footwork FA14	File:Aguri Suzuki`s Footwork FA14 in the pit garage at the 1993 British Grand Prix (33557474851).jpg	CC BY-SA 2.0
footwork-fa15	ACCEPTED	Category:Footwork FA15	File:Christian Fittipaldi - Footwork FA15 at the 1994 British Grand Prix (32500439456).jpg	CC BY-SA 2.0
force-india-vjm01	ACCEPTED	Category:Force India VJM01	File:2008 Force India VJM01.jpg	CC BY-SA 4.0
haas-vf-23	ACCEPTED	Category:Haas VF-23	File:FIA F1 Austria 2023 Nr. 20 (1).jpg	CC BY-SA 4.0
hesketh-308b	ACCEPTED	Category:Hesketh 308B	File:Hesketh 308B - James Hunt (27422976993).jpg	CC BY 2.0
hesketh-308d	ACCEPTED	Category:Hesketh 308D	File:1975 - Hesketh 308D (12678448435).jpg	CC BY 2.0
hrt-f110	ACCEPTED	Category:HRT F110	File:Catalunya test 2011 - 15.jpg	CC BY 2.0
hwm-52	ACCEPTED	Category:HWM 52	File:1953 HWM Jaguar @ Motor Museum of WA.jpg	CC BY-SA 4.0
iso-marlboro-ir	ACCEPTED	Category:Iso Marlboro IR	File:Gijs van Lennep 1973 Dutch GP 1.jpg	CC0
jbw-59	ACCEPTED	Category:JBW 59	File:1959 JBW Maserati (48953615878).jpg	CC BY 2.0
kojima-ke007	ACCEPTED	Category:Kojima KE007	File:Kojima KE007 front 2013 Yurakucho.jpg	CC BY-SA 3.0
lds-mk-1	ACCEPTED	Category:LDS Mk1	File:Ian ashley donington.JPG	CC BY-SA 3.0
lds-mk-3	ACCEPTED	Category:LDS Mk3	File:1965 Sam Tingle Formula 1 LDS Race Car-1 (29891690293).jpg	CC BY 2.0
lec-crp1	ACCEPTED	Category:LEC CRP1	File:LEC CRP1 Donington Grand Prix Collection in 2007.jpg	CC BY-SA 3.0
life-l190	ACCEPTED	Category:Life L190	File:1990 Life 190.jpg	CC BY 2.0
lola-thl1	ACCEPTED	Category:Lola THL1	File:1985 European GP Alan Jones 01.jpg	CC BY-SA 2.0
lola-thl2	ACCEPTED	Category:Lola THL2	File:Lola THL2 2025 (2).jpg	CC BY 4.0
lotus-102d	ACCEPTED	Category:Lotus 102D	File:Lotus102d.jpg	CC BY-SA 3.0
lotus-107c	ACCEPTED	Category:Lotus 107C	File:1994 Lotus-Mugen Honda Type 107C.jpg	CC0
lotus-21	ACCEPTED	Category:Lotus 21	File:Lotus 21 (sideview).jpg	CC BY-SA 4.0
lotus-49c	ACCEPTED	Category:Lotus 49C	File:Lotus 49C (sideview).jpg	CC BY-SA 4.0
lotus-72e	ACCEPTED	Category:Lotus 72E	File:Emerson 1 Lotus 72E.jpg	CC BY-SA 4.0
lotus-76	ACCEPTED	Category:Lotus 76	File:Lotus 76 (1).jpg	CC BY-SA 2.0
lotus-racing-t128	ACCEPTED	Category:Lotus T128 (Formula One car)	File:2011 British GP - Lotus garage.jpg	CC BY 2.0
maki-f101	ACCEPTED	Category:Maki F101	File:Maki f101 20141115.JPG	CC BY-SA 4.0
march-721	ACCEPTED	Category:March 721	File:John Watsons March 721.jpg	CC BY 2.0
march-741	ACCEPTED	Category:March 741	File:1974 March 741.jpg	CC BY-SA 4.0
march-751	ACCEPTED	Category:March 751	File:March 751 at Barber 01.jpg	CC BY-SA 2.0
march-cg911b	ACCEPTED	Category:March CG911B	File:Andrea Chiesa 1992 Monaco.jpg	CC BY 2.0
maserati-4cl	ACCEPTED	Category:Maserati 4CL	File:1939-05-28 Coppa Principessa Napoli Maserati 4CL Rocco.jpg	Public domain
maserati-a6gcm	ACCEPTED	Category:Maserati A6GCM	File:1953 Maserati A6GCM.jpg	CC BY 2.0
mclaren-m23c	ACCEPTED	Category:McLaren M23C	File:James Hunt Silver 003.jpg	CC BY-SA 3.0
mclaren-m23d	ACCEPTED	Category:McLaren M23D	File:Age d'or Dijon Prenois 2013 129.JPG	CC BY-SA 3.0
mclaren-m7b	ACCEPTED	Category:McLaren M7B	File:Vic Elford McLaren M7B Germany 1969.jpg	CC BY-SA 2.0 de
mclaren-m7c	ACCEPTED	Category:McLaren M7C	File:Bonnier, Joakim, McLaren M7C (1971).jpg	CC BY-SA 2.0 de
mclaren-m9a	ACCEPTED	Category:McLaren M9A	File:McLaren M9A (52676403397).jpg	CC BY-SA 2.0
mclaren-mp4-1c	ACCEPTED	Category:McLaren MP4/1C	File:McLaren MP4-1C.jpg	CC BY-SA 3.0
mclaren-mp4-2c	ACCEPTED	Category:McLaren MP4/2C	File:McLaren MP4 2C (51550430356).jpg	CC BY 2.0
mercedes-f1-w08	ACCEPTED	Category:Mercedes AMG F1 W08 EQ Power+	File:Mercedes-AMG F1 W08 EQ Power+ (26495998339).jpg	CC BY 2.0
mercedes-f1-w09	ACCEPTED	Category:Mercedes AMG F1 W09 EQ Power+	File:Mercedes AMG F1 W09 EQ Power+ at Formula 1 Exhibition, London 01.jpg	CC BY-SA 4.0
mercedes-f1-w12	ACCEPTED	Category:Mercedes-AMG F1 W12 E Performance	File:2021 British Grand Prix (51348578912).jpg	CC BY 2.0
mercedes-f1-w13	ACCEPTED	Category:Mercedes-AMG F1 W13 E Performance	File:2022 British GP - Mercedes-AMG F1 W13 E Performance of George Russell (1).jpg	CC BY-SA 2.0
mercedes-f1-w14	ACCEPTED	Category:Mercedes-AMG F1 W14 E Performance	File:Mercedes-AMG F1 W14 E Performance (53439699022).jpg	CC BY-SA 2.0
mercedes-f1-w15	ACCEPTED	Category:Mercedes-AMG F1 W15 E Performance	File:Petronas Syntium.jpg	CC BY-SA 4.0
mercedes-f1-w16	ACCEPTED	Category:Mercedes-AMG F1 W16 E Performance	File:2025 Emilia Romagna Grand Prix 04.jpg	CC BY-SA 4.0
mercedes-f1-w17	ACCEPTED	Category:Mercedes-AMG F1 W17 E Performance	File:Mercedes-AMG F1 W17 E Performance of Andrea Kimi Antonelli (028A8052).jpg	CC BY-SA 4.0
merzario-a2	ACCEPTED	Category:Merzario A2	File:Merzario A2 2015 Oldtimer Grand Prix Nürburgring.jpg	CC BY 3.0
onyx-ore-1	ACCEPTED	Category:Onyx ORE-1	File:1990 Monteverdi Onyx ORE1 SCD24.jpg	CC BY-SA 4.0
onyx-ore-1b	ACCEPTED	Category:Onyx ORE-1B	File:Onyx-Monteverdi ORE1B-1.jpg	CC BY-SA 3.0
osella-fa1b	ACCEPTED	Category:Osella FA1B	File:Manoir de l'Automobile - 201 - F1 Osella FA 1B V8 Ford Cosworth DFV 1981.jpg	CC BY-SA 4.0
osella-fa1c	ACCEPTED	Category:Osella FA1C	File:Osella-FA1C.jpg	CC BY-SA 4.0
osella-fa1d	ACCEPTED	Category:Osella FA1D	File:Osella FA1D Bournemouth WHEELS Festival 2006.jpg	CC BY-SA 4.0
osella-fa1e	ACCEPTED	Category:Osella FA1E	File:Osella FA1E 1983.jpg	CC BY-SA 3.0
osella-fa1f	ACCEPTED	Category:Osella FA1F	File:Ghinzani Osella FA1F 1984 Dallas F1.jpg	CC BY-SA 2.0
osella-fa1g	ACCEPTED	Category:Osella FA1G	File:Osella FA1G (2).jpg	CC BY-SA 4.0
red-bull-rb22	ACCEPTED	Category:Red Bull RB22	File:Red Bull Ferrari F1 Cars (55383878613).jpg	CC BY-SA 4.0
scarab-f1	ACCEPTED	Category:Scarab F1	File:Chuck Daigh Scarab F1 2018 Silverstone Classic (40064501923).jpg	CC BY 2.0
simca-gordini-t11	ACCEPTED	Category:Simca-Gordini T11	File:Gordini 11 course 1946 -aa.jpg	CC BY-SA 4.0
simca-gordini-t15	ACCEPTED	Category:Simca-Gordini T15	File:Simca Gordini T15.jpg	Public domain
talbot-lago-t26c	ACCEPTED	Category:Talbot-Lago T26 C	File:Talbot Lago T26C of Doug Whiteford.jpg	Public domain
theodore-n183	ACCEPTED	Category:Theodore N183	File:Roberto Guerrero Theodore N183 2019 Silverstone Classic (48557911782).jpg	CC BY 2.0
theodore-tr1	ACCEPTED	Category:Theodore TR1	File:Theodore TR1 2011 Hockenheim Historic Race.jpg	CC BY-SA 3.0
theodore-ty01	ACCEPTED	Category:Theodore TY01	File:1981 Argentine Grand Prix, Tambay.jpg	Public domain
theodore-ty02	ACCEPTED	Category:Theodore TY02	File:Lammers at 1982 Dutch Grand Prix (7).jpg	CC BY-SA 3.0 nl
trojan-t103	ACCEPTED	Category:Trojan T103	File:Estoril Classic Week 2018 41 - Trojan T103 (Tim Schenken) (30377805137).jpg	CC BY 2.0
tyrrell-020c	ACCEPTED	Category:Tyrrell 020C	File:Jean Alesi - Ferrari F193A dives inside Ukyo Katayama - Tyrrell 020C at the 1993 British Grand Prix (33530333172).jpg	CC BY-SA 2.0
vanwall-vw-5	ACCEPTED	Category:Vanwall VW5	File:1958 Vanwall VW5 11 (48853385363).jpg	CC BY 2.0
venturi-lc92	ACCEPTED	Category:Venturi LC92	File:Venturi Larrousse Lamborghini LC 92 (1992).jpg	CC BY-SA 3.0
williams-fw07c	ACCEPTED	Category:Williams FW07C	File:11 - Williams FW07C 1981.jpg	CC BY 4.0
wolf-williams-fw05	ACCEPTED	Category:Wolf-Williams FW05	File:Wolf Williams FW05 Goodwood FoS 2010 01.jpg	CC BY 2.0
