# Every mapped circuit, and why it was refused.
adelaide	REFUSED	Adelaide Street Circuit carries no aerial photograph whose file name names the circuit and carries no copyright mark
aida	REFUSED	Okayama International Circuit carries no aerial photograph whose file name names the circuit and carries no copyright mark
ain-diab	REFUSED	Ain-Diab Circuit carries no aerial photograph whose file name names the circuit and carries no copyright mark
aintree	REFUSED	Aintree Motor Racing Circuit carries no aerial photograph whose file name names the circuit and carries no copyright mark
albert-park	REFUSED	Albert Park Circuit carries no aerial photograph whose file name names the circuit and carries no copyright mark
anderstorp	REFUSED	Anderstorp Raceway carries no aerial photograph whose file name names the circuit and carries no copyright mark
avus	REFUSED	none of its names names a venue rather than a place
brands-hatch	REFUSED	Brands Hatch carries no aerial photograph whose file name names the circuit and carries no copyright mark
bremgarten	REFUSED	Circuit Bremgarten carries no aerial photograph whose file name names the circuit and carries no copyright mark
buenos-aires	REFUSED	Autódromo Oscar y Juan Gálvez carries no aerial photograph whose file name names the circuit and carries no copyright mark
caesars-palace	REFUSED	the list links the race, Caesars Palace Grand Prix, and not an article about the circuit
charade	REFUSED	Circuit de Charade carries no aerial photograph whose file name names the circuit and carries no copyright mark
dallas	REFUSED	the list links the section 'Other notable events' of Fair Park, not an article about the circuit
detroit	REFUSED	Detroit Street Circuit carries no aerial photograph whose file name names the circuit and carries no copyright mark
dijon	REFUSED	Dijon-Prenois carries no aerial photograph whose file name names the circuit and carries no copyright mark
donington	REFUSED	Donington Park carries no aerial photograph whose file name names the circuit and carries no copyright mark
east-london	REFUSED	Prince George Circuit carries no aerial photograph whose file name names the circuit and carries no copyright mark
estoril	REFUSED	Circuito do Estoril carries no aerial photograph whose file name names the circuit and carries no copyright mark
fuji	REFUSED	Fuji Speedway carries no aerial photograph whose file name names the circuit and carries no copyright mark
hockenheim	REFUSED	Hockenheimring carries no aerial photograph whose file name names the circuit and carries no copyright mark
imola	REFUSED	Imola Circuit carries no aerial photograph whose file name names the circuit and carries no copyright mark
indianapolis	REFUSED	Indianapolis Motor Speedway carries no aerial photograph whose file name names the circuit and carries no copyright mark
interlagos	REFUSED	Interlagos Circuit carries no aerial photograph whose file name names the circuit and carries no copyright mark
jacarepagua	REFUSED	Autódromo Internacional Nelson Piquet carries no aerial photograph whose file name names the circuit and carries no copyright mark
jarama	REFUSED	Circuito del Jarama carries no aerial photograph whose file name names the circuit and carries no copyright mark
jeddah	REFUSED	Jeddah Corniche Circuit carries no aerial photograph whose file name names the circuit and carries no copyright mark
jerez	REFUSED	Circuito de Jerez carries no aerial photograph whose file name names the circuit and carries no copyright mark
kyalami	REFUSED	Kyalami carries no aerial photograph whose file name names the circuit and carries no copyright mark
las-vegas	REFUSED	Las Vegas Strip Circuit carries no aerial photograph whose file name names the circuit and carries no copyright mark
le-mans-bugatti	REFUSED	the list links the section 'Bugatti Circuit' of Circuit de la Sarthe, not an article about the circuit
long-beach	REFUSED	Long Beach Street Circuit carries no aerial photograph whose file name names the circuit and carries no copyright mark
lusail	REFUSED	Lusail International Circuit carries no aerial photograph whose file name names the circuit and carries no copyright mark
madring	REFUSED	Madring carries no aerial photograph whose file name names the circuit and carries no copyright mark
magny-cours	REFUSED	Circuit de Nevers Magny-Cours carries no aerial photograph whose file name names the circuit and carries no copyright mark
miami	REFUSED	Miami International Autodrome carries no aerial photograph whose file name names the circuit and carries no copyright mark
monsanto	REFUSED	Circuito de Monsanto carries no aerial photograph whose file name names the circuit and carries no copyright mark
mont-tremblant	REFUSED	Circuit Mont-Tremblant carries no aerial photograph whose file name names the circuit and carries no copyright mark
montjuic	REFUSED	Montjuïc Circuit carries no aerial photograph whose file name names the circuit and carries no copyright mark
mosport	REFUSED	Canadian Tire Motorsport Park carries no aerial photograph whose file name names the circuit and carries no copyright mark
mugello	REFUSED	Mugello Circuit carries no aerial photograph whose file name names the circuit and carries no copyright mark
nivelles	REFUSED	Nivelles-Baulers carries no aerial photograph whose file name names the circuit and carries no copyright mark
nordschleife	REFUSED	File:Nürburgring Luftaufnahme 2004.jpg requires attribution and names no author
nurburgring-gp	REFUSED	File:Nürburgring Luftaufnahme 2004.jpg requires attribution and names no author
pedralbes	REFUSED	Pedralbes Circuit carries no aerial photograph whose file name names the circuit and carries no copyright mark
pescara	REFUSED	Pescara Circuit carries no aerial photograph whose file name names the circuit and carries no copyright mark
phoenix	REFUSED	Phoenix Street Circuit carries no aerial photograph whose file name names the circuit and carries no copyright mark
portimao	REFUSED	Algarve International Circuit carries no aerial photograph whose file name names the circuit and carries no copyright mark
porto	REFUSED	Circuito da Boavista carries no aerial photograph whose file name names the circuit and carries no copyright mark
red-bull-ring	REFUSED	Red Bull Ring carries no aerial photograph whose file name names the circuit and carries no copyright mark
reims	REFUSED	Reims-Gueux carries no aerial photograph whose file name names the circuit and carries no copyright mark
riverside	REFUSED	Riverside International Raceway carries no aerial photograph whose file name names the circuit and carries no copyright mark
rouen	REFUSED	none of its names names a venue rather than a place
sebring	REFUSED	Sebring International Raceway carries no aerial photograph whose file name names the circuit and carries no copyright mark
sepang	REFUSED	Sepang International Circuit carries no aerial photograph whose file name names the circuit and carries no copyright mark
valencia	REFUSED	Valencia Street Circuit carries no aerial photograph whose file name names the circuit and carries no copyright mark
watkins-glen	REFUSED	Watkins Glen International carries no aerial photograph whose file name names the circuit and carries no copyright mark
yeongam	REFUSED	Korea International Circuit carries no aerial photograph whose file name names the circuit and carries no copyright mark
zandvoort	REFUSED	Circuit Zandvoort carries no aerial photograph whose file name names the circuit and carries no copyright mark
zeltweg	REFUSED	the list links the section 'Motorsports' of Zeltweg Air Base, not an article about the circuit
zolder	REFUSED	Circuit Zolder carries no aerial photograph whose file name names the circuit and carries no copyright mark
bahrain	ACCEPTED	File:Bahrain International Circuit, November 2, 2017 SkySat (cropped).jpg	CC BY-SA 4.0
baku	ACCEPTED	File:Baku City Circuit, April 9, 2018 SkySat.jpg	CC BY-SA 4.0
buddh	ACCEPTED	File:Buddh International Circuit aerial.jpg	CC BY-SA 4.0
catalunya	ACCEPTED	File:Circuit de Barcelona-Catalunya, April 19, 2018 SkySat (cropped).jpg	CC BY-SA 4.0
cota	ACCEPTED	File:Circuit of the Americas, April 22, 2018 SkySat (cropped2).jpg	CC BY-SA 4.0
gilles-villeneuve	ACCEPTED	File:Circuit Gilles-Villeneuve, May 29, 2018 SkySat (cropped).jpg	CC BY-SA 4.0
hungaroring	ACCEPTED	File:Hungaroring, April 28, 2018 SkySat (cropped).jpg	CC BY-SA 4.0
istanbul	ACCEPTED	File:Istanbul Park aerial.jpg	CC BY-SA 3.0
marina-bay	ACCEPTED	File:Marina Bay Street Circuit, May 8, 2018 SkySat (cropped).jpg	CC BY-SA 4.0
monaco	ACCEPTED	File:Circuit de Monaco, April 1, 2018 SkySat (cropped).jpg	CC BY-SA 4.0
monza	ACCEPTED	File:Autodromo Nazionale Monza, April 22, 2018 SkySat (cropped).jpg	CC BY-SA 4.0
paul-ricard	ACCEPTED	File:Circuit Paul Ricard, April 22, 2018 SkySat (cropped).jpg	CC BY-SA 4.0
rodriguez	ACCEPTED	File:Autódromo Hermanos Rodríguez, June 4, 2018 SkySat (cropped).jpg	CC BY-SA 4.0
shanghai	ACCEPTED	File:Shanghai International Circuit, April 7, 2018 SkySat (rotated).jpg	CC BY-SA 4.0
silverstone	ACCEPTED	File:Silverstone Circuit, July 2, 2018 SkySat (cropped).jpg	CC BY-SA 4.0
sochi	ACCEPTED	File:Sochi Autodrom, July 10, 2018 SkySat (cropped).jpg	CC BY-SA 4.0
spa	ACCEPTED	File:Circuit de Spa-Francorchamps, April 22, 2018 SkySat (cropped).jpg	CC BY-SA 4.0
suzuka	ACCEPTED	File:Suzuka International Racing Course, July 10, 2018 SkySat (cropped).jpg	CC BY-SA 4.0
yas-marina	ACCEPTED	File:Yas Marina Circuit, October 12, 2018 SkySat (cropped).jpg	CC BY-SA 4.0
