# Every admitted circuit, and why it was refused.
albert-park	ACCEPTED	relation 280443	5.3084 km (+0.58%)
bahrain	ACCEPTED	relation 284538	5.4196 km (+0.14%)
baku	ACCEPTED	relation 11266687	6.0033 km (+0.01%)
buddh	ACCEPTED	relation 2532569	5.1355 km (+0.21%)
cota	ACCEPTED	relation 6537729	5.5022 km (-0.2%)
donington	ACCEPTED	relation 51165	3.9954 km (-0.69%)
east-london	ACCEPTED	relation 2579523	3.8998 km (-0.52%)
gilles-villeneuve	ACCEPTED	relation 284595	4.3622 km (+0.03%)
interlagos	ACCEPTED	relation 6781071	4.3075 km (-0.03%)
las-vegas	ACCEPTED	relation 16696508	6.3226 km (+1.96%)
long-beach	ACCEPTED	relation 18052024	3.2584 km (+0.23%)
magny-cours	ACCEPTED	relation 11249753	4.4578 km (+1.06%)
monaco	ACCEPTED	relation 148194	3.3884 km (+1.54%)
montjuic	ACCEPTED	relation 1147249	3.767 km (-0.63%)
monza	ACCEPTED	relation 284565	5.7941 km (+0.02%)
mugello	ACCEPTED	relation 8487163	5.2448 km (-0.0%)
nurburgring-gp	ACCEPTED	relation 38567	5.1157 km (-0.63%)
paul-ricard	ACCEPTED	relation 10316343	5.7645 km (-1.33%)
portimao	ACCEPTED	relation 7509968	4.6476 km (-0.12%)
rodriguez	ACCEPTED	relation 16251935	4.3117 km (+0.18%)
sepang	ACCEPTED	relation 284496	5.5542 km (+0.2%)
shanghai	ACCEPTED	relation 2094941	5.4591 km (+0.15%)
spa	ACCEPTED	relation 284560	6.9947 km (-0.13%)
suzuka	ACCEPTED	relation 284570	5.8065 km (-0.01%)
zandvoort	ACCEPTED	relation 13545573	4.2532 km (-0.14%)
